<?xml version="1.0" encoding="ISO-8859-1" ?>
<link_info>
   <banner>TMS320C2000 Linker Unix v21.6.0.LTS</banner>
   <copyright>Copyright (c) 1996-2018 Texas Instruments Incorporated</copyright>
   <link_time>0x63bfd86c</link_time>
   <link_errors>0x0</link_errors>
   <output_file>led_ex1_blinky.out</output_file>
   <entry_point>
      <name>code_start</name>
      <address>0x80000</address>
   </entry_point>
   <input_file_list>
      <input_file id="fl-1">
         <path>./</path>
         <kind>object</kind>
         <file>led_ex1_blinky.obj</file>
         <name>led_ex1_blinky.obj</name>
      </input_file>
      <input_file id="fl-2">
         <path>./device/</path>
         <kind>object</kind>
         <file>F2837xD_CodeStartBranch.obj</file>
         <name>F2837xD_CodeStartBranch.obj</name>
      </input_file>
      <input_file id="fl-3">
         <path>./device/</path>
         <kind>object</kind>
         <file>device.obj</file>
         <name>device.obj</name>
      </input_file>
      <input_file id="fl-8">
         <kind>object</kind>
         <file>&lt;internal&gt;</file>
         <name>&lt;internal&gt;</name>
      </input_file>
      <input_file id="fl-c">
         <path>/home/dvarx/ti/C2000Ware_3_04_00_00_Software/driverlib/f2837xd/driverlib/ccs/Debug/</path>
         <kind>archive</kind>
         <file>driverlib_eabi.lib</file>
         <name>cputimer.obj</name>
      </input_file>
      <input_file id="fl-d">
         <path>/home/dvarx/ti/C2000Ware_3_04_00_00_Software/driverlib/f2837xd/driverlib/ccs/Debug/</path>
         <kind>archive</kind>
         <file>driverlib_eabi.lib</file>
         <name>flash.obj</name>
      </input_file>
      <input_file id="fl-e">
         <path>/home/dvarx/ti/C2000Ware_3_04_00_00_Software/driverlib/f2837xd/driverlib/ccs/Debug/</path>
         <kind>archive</kind>
         <file>driverlib_eabi.lib</file>
         <name>gpio.obj</name>
      </input_file>
      <input_file id="fl-f">
         <path>/home/dvarx/ti/C2000Ware_3_04_00_00_Software/driverlib/f2837xd/driverlib/ccs/Debug/</path>
         <kind>archive</kind>
         <file>driverlib_eabi.lib</file>
         <name>i2c.obj</name>
      </input_file>
      <input_file id="fl-10">
         <path>/home/dvarx/ti/C2000Ware_3_04_00_00_Software/driverlib/f2837xd/driverlib/ccs/Debug/</path>
         <kind>archive</kind>
         <file>driverlib_eabi.lib</file>
         <name>interrupt.obj</name>
      </input_file>
      <input_file id="fl-11">
         <path>/home/dvarx/ti/C2000Ware_3_04_00_00_Software/driverlib/f2837xd/driverlib/ccs/Debug/</path>
         <kind>archive</kind>
         <file>driverlib_eabi.lib</file>
         <name>sci.obj</name>
      </input_file>
      <input_file id="fl-12">
         <path>/home/dvarx/ti/C2000Ware_3_04_00_00_Software/driverlib/f2837xd/driverlib/ccs/Debug/</path>
         <kind>archive</kind>
         <file>driverlib_eabi.lib</file>
         <name>sysctl.obj</name>
      </input_file>
      <input_file id="fl-1e">
         <path>/home/dvarx/ti/ccs1120/ccs/tools/compiler/ti-cgt-c2000_21.6.0.LTS/lib/</path>
         <kind>archive</kind>
         <file>rts2800_fpu32_eabi.lib</file>
         <name>boot28.asm.obj</name>
      </input_file>
      <input_file id="fl-1f">
         <path>/home/dvarx/ti/ccs1120/ccs/tools/compiler/ti-cgt-c2000_21.6.0.LTS/lib/</path>
         <kind>archive</kind>
         <file>rts2800_fpu32_eabi.lib</file>
         <name>fs_div28.asm.obj</name>
      </input_file>
      <input_file id="fl-20">
         <path>/home/dvarx/ti/ccs1120/ccs/tools/compiler/ti-cgt-c2000_21.6.0.LTS/lib/</path>
         <kind>archive</kind>
         <file>rts2800_fpu32_eabi.lib</file>
         <name>memcpy.c.obj</name>
      </input_file>
      <input_file id="fl-21">
         <path>/home/dvarx/ti/ccs1120/ccs/tools/compiler/ti-cgt-c2000_21.6.0.LTS/lib/</path>
         <kind>archive</kind>
         <file>rts2800_fpu32_eabi.lib</file>
         <name>pre_init.c.obj</name>
      </input_file>
      <input_file id="fl-22">
         <path>/home/dvarx/ti/ccs1120/ccs/tools/compiler/ti-cgt-c2000_21.6.0.LTS/lib/</path>
         <kind>archive</kind>
         <file>rts2800_fpu32_eabi.lib</file>
         <name>autoinit.c.obj</name>
      </input_file>
      <input_file id="fl-23">
         <path>/home/dvarx/ti/ccs1120/ccs/tools/compiler/ti-cgt-c2000_21.6.0.LTS/lib/</path>
         <kind>archive</kind>
         <file>rts2800_fpu32_eabi.lib</file>
         <name>copy_zero_init.c.obj</name>
      </input_file>
      <input_file id="fl-24">
         <path>/home/dvarx/ti/ccs1120/ccs/tools/compiler/ti-cgt-c2000_21.6.0.LTS/lib/</path>
         <kind>archive</kind>
         <file>rts2800_fpu32_eabi.lib</file>
         <name>copy_decompress_none.c.obj</name>
      </input_file>
      <input_file id="fl-25">
         <path>/home/dvarx/ti/ccs1120/ccs/tools/compiler/ti-cgt-c2000_21.6.0.LTS/lib/</path>
         <kind>archive</kind>
         <file>rts2800_fpu32_eabi.lib</file>
         <name>copy_decompress_lzss.c.obj</name>
      </input_file>
      <input_file id="fl-26">
         <path>/home/dvarx/ti/ccs1120/ccs/tools/compiler/ti-cgt-c2000_21.6.0.LTS/lib/</path>
         <kind>archive</kind>
         <file>rts2800_fpu32_eabi.lib</file>
         <name>exit.c.obj</name>
      </input_file>
      <input_file id="fl-27">
         <path>/home/dvarx/ti/ccs1120/ccs/tools/compiler/ti-cgt-c2000_21.6.0.LTS/lib/</path>
         <kind>archive</kind>
         <file>rts2800_fpu32_eabi.lib</file>
         <name>_lock.c.obj</name>
      </input_file>
      <input_file id="fl-28">
         <path>/home/dvarx/ti/ccs1120/ccs/tools/compiler/ti-cgt-c2000_21.6.0.LTS/lib/</path>
         <kind>archive</kind>
         <file>rts2800_fpu32_eabi.lib</file>
         <name>args_main.c.obj</name>
      </input_file>
      <input_file id="fl-29">
         <path>/home/dvarx/ti/ccs1120/ccs/tools/compiler/ti-cgt-c2000_21.6.0.LTS/lib/</path>
         <kind>archive</kind>
         <file>rts2800_fpu32_eabi.lib</file>
         <name>memset.c.obj</name>
      </input_file>
      <input_file id="fl-2a">
         <path>/home/dvarx/ti/ccs1120/ccs/tools/compiler/ti-cgt-c2000_21.6.0.LTS/lib/</path>
         <kind>archive</kind>
         <file>rts2800_fpu32_eabi.lib</file>
         <name>cpy_tbl.c.obj</name>
      </input_file>
      <input_file id="fl-2b">
         <path>/home/dvarx/ti/ccs1120/ccs/tools/compiler/ti-cgt-c2000_21.6.0.LTS/lib/</path>
         <kind>archive</kind>
         <file>rts2800_fpu32_eabi.lib</file>
         <name>startup.c.obj</name>
      </input_file>
   </input_file_list>
   <object_component_list>
      <object_component id="oc-338">
         <name>.cinit..data.load</name>
         <load_address>0x83268</load_address>
         <run_address>0x83268</run_address>
         <size>0xb</size>
      </object_component>
      <object_component id="oc-335">
         <name>__TI_handler_table</name>
         <load_address>0x83274</load_address>
         <run_address>0x83274</run_address>
         <size>0x6</size>
      </object_component>
      <object_component id="oc-337">
         <name>.cinit..bss.load</name>
         <load_address>0x8327a</load_address>
         <run_address>0x8327a</run_address>
         <size>0x4</size>
      </object_component>
      <object_component id="oc-336">
         <name>__TI_cinit_table</name>
         <load_address>0x83280</load_address>
         <run_address>0x83280</run_address>
         <size>0x8</size>
      </object_component>
      <object_component id="oc-3d">
         <name>.text</name>
         <load_address>0x82000</load_address>
         <run_address>0x82000</run_address>
         <size>0x454</size>
         <input_file_ref idref="fl-1"/>
      </object_component>
      <object_component id="oc-a4">
         <name>.text</name>
         <load_address>0x82454</load_address>
         <run_address>0x82454</run_address>
         <size>0x3d7</size>
         <input_file_ref idref="fl-3"/>
      </object_component>
      <object_component id="oc-140">
         <name>.text:SysCtl_setClock</name>
         <load_address>0x8282b</load_address>
         <run_address>0x8282b</run_address>
         <size>0x215</size>
         <input_file_ref idref="fl-12"/>
      </object_component>
      <object_component id="oc-20f">
         <name>.text</name>
         <load_address>0x82a40</load_address>
         <run_address>0x82a40</run_address>
         <size>0x88</size>
         <input_file_ref idref="fl-1f"/>
      </object_component>
      <object_component id="oc-271">
         <name>.text:SysCtl_selectXTAL</name>
         <load_address>0x82ac8</load_address>
         <run_address>0x82ac8</run_address>
         <size>0x6f</size>
         <input_file_ref idref="fl-12"/>
      </object_component>
      <object_component id="oc-13a">
         <name>.text:SysCtl_getDeviceParametric</name>
         <load_address>0x82b37</load_address>
         <run_address>0x82b37</run_address>
         <size>0x68</size>
         <input_file_ref idref="fl-12"/>
      </object_component>
      <object_component id="oc-68">
         <name>.text:I2C_initMaster</name>
         <load_address>0x82b9f</load_address>
         <run_address>0x82b9f</run_address>
         <size>0x64</size>
         <input_file_ref idref="fl-f"/>
      </object_component>
      <object_component id="oc-203">
         <name>.text:SysCtl_selectOscSource</name>
         <load_address>0x82c03</load_address>
         <run_address>0x82c03</run_address>
         <size>0x54</size>
         <input_file_ref idref="fl-12"/>
      </object_component>
      <object_component id="oc-7a">
         <name>.text:GPIO_setPadConfig</name>
         <load_address>0x82c57</load_address>
         <run_address>0x82c57</run_address>
         <size>0x52</size>
         <input_file_ref idref="fl-e"/>
      </object_component>
      <object_component id="oc-9e">
         <name>.text:SCI_clearInterruptStatus</name>
         <load_address>0x82ca9</load_address>
         <run_address>0x82ca9</run_address>
         <size>0x46</size>
         <input_file_ref idref="fl-11"/>
      </object_component>
      <object_component id="oc-c3">
         <name>.text:SCI_writeCharArray</name>
         <load_address>0x82cef</load_address>
         <run_address>0x82cef</run_address>
         <size>0x41</size>
         <input_file_ref idref="fl-11"/>
      </object_component>
      <object_component id="oc-98">
         <name>.text:SCI_setConfig</name>
         <load_address>0x82d30</load_address>
         <run_address>0x82d30</run_address>
         <size>0x3e</size>
         <input_file_ref idref="fl-11"/>
      </object_component>
      <object_component id="oc-aa">
         <name>.text:Interrupt_initModule</name>
         <load_address>0x82d6e</load_address>
         <run_address>0x82d6e</run_address>
         <size>0x3d</size>
         <input_file_ref idref="fl-10"/>
      </object_component>
      <object_component id="oc-80">
         <name>.text:GPIO_setMasterCore</name>
         <load_address>0x82dab</load_address>
         <run_address>0x82dab</run_address>
         <size>0x38</size>
         <input_file_ref idref="fl-e"/>
      </object_component>
      <object_component id="oc-86">
         <name>.text:GPIO_setQualificationMode</name>
         <load_address>0x82de3</load_address>
         <run_address>0x82de3</run_address>
         <size>0x38</size>
         <input_file_ref idref="fl-e"/>
      </object_component>
      <object_component id="oc-6e">
         <name>.text:GPIO_setPinConfig</name>
         <load_address>0x82e1b</load_address>
         <run_address>0x82e1b</run_address>
         <size>0x37</size>
         <input_file_ref idref="fl-e"/>
      </object_component>
      <object_component id="oc-92">
         <name>.text:Interrupt_enable</name>
         <load_address>0x82e52</load_address>
         <run_address>0x82e52</run_address>
         <size>0x34</size>
         <input_file_ref idref="fl-10"/>
      </object_component>
      <object_component id="oc-3c">
         <name>.text:retain</name>
         <load_address>0x82e86</load_address>
         <run_address>0x82e86</run_address>
         <size>0x32</size>
         <input_file_ref idref="fl-1"/>
      </object_component>
      <object_component id="oc-74">
         <name>.text:GPIO_setDirectionMode</name>
         <load_address>0x82eb8</load_address>
         <run_address>0x82eb8</run_address>
         <size>0x31</size>
         <input_file_ref idref="fl-e"/>
      </object_component>
      <object_component id="oc-24">
         <name>.text:decompress:lzss</name>
         <load_address>0x82ee9</load_address>
         <run_address>0x82ee9</run_address>
         <size>0x31</size>
         <input_file_ref idref="fl-25"/>
      </object_component>
      <object_component id="oc-225">
         <name>.text:__TI_auto_init_nobinit_nopinit</name>
         <load_address>0x82f1a</load_address>
         <run_address>0x82f1a</run_address>
         <size>0x2b</size>
         <input_file_ref idref="fl-22"/>
      </object_component>
      <object_component id="oc-196">
         <name>.text</name>
         <load_address>0x82f45</load_address>
         <run_address>0x82f45</run_address>
         <size>0x29</size>
         <input_file_ref idref="fl-26"/>
      </object_component>
      <object_component id="oc-1c2">
         <name>.text:Flash_setBankPowerUpDelay</name>
         <load_address>0x82f6e</load_address>
         <run_address>0x82f6e</run_address>
         <size>0x28</size>
         <input_file_ref idref="fl-d"/>
      </object_component>
      <object_component id="oc-2b5">
         <name>.text:CPUTimer_selectClockSource</name>
         <load_address>0x82f96</load_address>
         <run_address>0x82f96</run_address>
         <size>0x24</size>
         <input_file_ref idref="fl-12"/>
      </object_component>
      <object_component id="oc-167">
         <name>.text:SCI_isFIFOEnabled</name>
         <load_address>0x82fba</load_address>
         <run_address>0x82fba</run_address>
         <size>0x22</size>
         <input_file_ref idref="fl-11"/>
      </object_component>
      <object_component id="oc-2ee">
         <name>.text:CPUTimer_getTimerOverflowStatus</name>
         <load_address>0x82fdc</load_address>
         <run_address>0x82fdc</run_address>
         <size>0x20</size>
         <input_file_ref idref="fl-12"/>
      </object_component>
      <object_component id="oc-b0">
         <name>.text:Interrupt_initVectorTable</name>
         <load_address>0x82ffc</load_address>
         <run_address>0x82ffc</run_address>
         <size>0x20</size>
         <input_file_ref idref="fl-10"/>
      </object_component>
      <object_component id="oc-118">
         <name>.text:SCI_isBaseValid</name>
         <load_address>0x8301c</load_address>
         <run_address>0x8301c</run_address>
         <size>0x1f</size>
         <input_file_ref idref="fl-11"/>
      </object_component>
      <object_component id="oc-4b">
         <name>.text</name>
         <load_address>0x8303b</load_address>
         <run_address>0x8303b</run_address>
         <size>0x1d</size>
         <input_file_ref idref="fl-20"/>
      </object_component>
      <object_component id="oc-173">
         <name>.text:SCI_isSpaceAvailableNonFIFO</name>
         <load_address>0x83058</load_address>
         <run_address>0x83058</run_address>
         <size>0x1b</size>
         <input_file_ref idref="fl-11"/>
      </object_component>
      <object_component id="oc-101">
         <name>.text:CPUTimer_isBaseValid</name>
         <load_address>0x83073</load_address>
         <run_address>0x83073</run_address>
         <size>0x1a</size>
         <input_file_ref idref="fl-c"/>
      </object_component>
      <object_component id="oc-2e2">
         <name>.text:CPUTimer_isBaseValid</name>
         <load_address>0x8308d</load_address>
         <run_address>0x8308d</run_address>
         <size>0x1a</size>
         <input_file_ref idref="fl-12"/>
      </object_component>
      <object_component id="oc-2c1">
         <name>.text:CPUTimer_startTimer</name>
         <load_address>0x830a7</load_address>
         <run_address>0x830a7</run_address>
         <size>0x19</size>
         <input_file_ref idref="fl-12"/>
      </object_component>
      <object_component id="oc-11f">
         <name>.text:SCI_disableModule</name>
         <load_address>0x830c0</load_address>
         <run_address>0x830c0</run_address>
         <size>0x19</size>
         <input_file_ref idref="fl-11"/>
      </object_component>
      <object_component id="oc-12d">
         <name>.text:SCI_performSoftwareReset</name>
         <load_address>0x830d9</load_address>
         <run_address>0x830d9</run_address>
         <size>0x19</size>
         <input_file_ref idref="fl-11"/>
      </object_component>
      <object_component id="oc-2c7">
         <name>.text:SysCtl_pollCpuTimer</name>
         <load_address>0x830f2</load_address>
         <run_address>0x830f2</run_address>
         <size>0x19</size>
         <input_file_ref idref="fl-12"/>
      </object_component>
      <object_component id="oc-e3">
         <name>.text</name>
         <load_address>0x8310b</load_address>
         <run_address>0x8310b</run_address>
         <size>0x17</size>
         <input_file_ref idref="fl-1e"/>
      </object_component>
      <object_component id="oc-eb">
         <name>.text:I2C_isBaseValid</name>
         <load_address>0x83122</load_address>
         <run_address>0x83122</run_address>
         <size>0x15</size>
         <input_file_ref idref="fl-f"/>
      </object_component>
      <object_component id="oc-16d">
         <name>.text:SCI_getTxFIFOStatus</name>
         <load_address>0x83137</load_address>
         <run_address>0x83137</run_address>
         <size>0x15</size>
         <input_file_ref idref="fl-11"/>
      </object_component>
      <object_component id="oc-125">
         <name>.text:SCI_enableModule</name>
         <load_address>0x8314c</load_address>
         <run_address>0x8314c</run_address>
         <size>0x14</size>
         <input_file_ref idref="fl-11"/>
      </object_component>
      <object_component id="oc-8c">
         <name>.text:CPUTimer_setEmulationMode</name>
         <load_address>0x83160</load_address>
         <run_address>0x83160</run_address>
         <size>0x13</size>
         <input_file_ref idref="fl-c"/>
      </object_component>
      <object_component id="oc-2bb">
         <name>.text:CPUTimer_clearOverflowFlag</name>
         <load_address>0x83173</load_address>
         <run_address>0x83173</run_address>
         <size>0x12</size>
         <input_file_ref idref="fl-12"/>
      </object_component>
      <object_component id="oc-2a3">
         <name>.text:CPUTimer_disableInterrupt</name>
         <load_address>0x83185</load_address>
         <run_address>0x83185</run_address>
         <size>0x12</size>
         <input_file_ref idref="fl-12"/>
      </object_component>
      <object_component id="oc-2af">
         <name>.text:CPUTimer_setPeriod</name>
         <load_address>0x83197</load_address>
         <run_address>0x83197</run_address>
         <size>0x12</size>
         <input_file_ref idref="fl-12"/>
      </object_component>
      <object_component id="oc-2a9">
         <name>.text:CPUTimer_stopTimer</name>
         <load_address>0x831a9</load_address>
         <run_address>0x831a9</run_address>
         <size>0x12</size>
         <input_file_ref idref="fl-12"/>
      </object_component>
      <object_component id="oc-1b5">
         <name>.text:Flash_isCtrlBaseValid</name>
         <load_address>0x831bb</load_address>
         <run_address>0x831bb</run_address>
         <size>0x10</size>
         <input_file_ref idref="fl-d"/>
      </object_component>
      <object_component id="oc-1bc">
         <name>.text:Flash_isECCBaseValid</name>
         <load_address>0x831cb</load_address>
         <run_address>0x831cb</run_address>
         <size>0x10</size>
         <input_file_ref idref="fl-d"/>
      </object_component>
      <object_component id="oc-f6">
         <name>.text:GPIO_isPinValid</name>
         <load_address>0x831db</load_address>
         <run_address>0x831db</run_address>
         <size>0xe</size>
         <input_file_ref idref="fl-e"/>
      </object_component>
      <object_component id="oc-14c">
         <name>.text:Interrupt_defaultHandler</name>
         <load_address>0x831e9</load_address>
         <run_address>0x831e9</run_address>
         <size>0xe</size>
         <input_file_ref idref="fl-10"/>
      </object_component>
      <object_component id="oc-10a">
         <name>.text:Interrupt_disableMaster</name>
         <load_address>0x831f7</load_address>
         <run_address>0x831f7</run_address>
         <size>0xd</size>
         <input_file_ref idref="fl-10"/>
      </object_component>
      <object_component id="oc-110">
         <name>.text:Interrupt_enableMaster</name>
         <load_address>0x83204</load_address>
         <run_address>0x83204</run_address>
         <size>0xd</size>
         <input_file_ref idref="fl-10"/>
      </object_component>
      <object_component id="oc-53">
         <name>.text:decompress:ZI:__TI_zero_init_nomemset</name>
         <load_address>0x83211</load_address>
         <run_address>0x83211</run_address>
         <size>0xd</size>
         <input_file_ref idref="fl-23"/>
      </object_component>
      <object_component id="oc-190">
         <name>.text</name>
         <load_address>0x8321e</load_address>
         <run_address>0x8321e</run_address>
         <size>0xc</size>
         <input_file_ref idref="fl-28"/>
      </object_component>
      <object_component id="oc-1fd">
         <name>.text:SysCtl_isMCDClockFailureDetected</name>
         <load_address>0x8322a</load_address>
         <run_address>0x8322a</run_address>
         <size>0xb</size>
         <input_file_ref idref="fl-12"/>
      </object_component>
      <object_component id="oc-209">
         <name>.text:SysCtl_serviceWatchdog</name>
         <load_address>0x83235</load_address>
         <run_address>0x83235</run_address>
         <size>0x9</size>
         <input_file_ref idref="fl-12"/>
      </object_component>
      <object_component id="oc-297">
         <name>.text</name>
         <load_address>0x8323e</load_address>
         <run_address>0x8323e</run_address>
         <size>0x9</size>
         <input_file_ref idref="fl-27"/>
      </object_component>
      <object_component id="oc-5f">
         <name>.text</name>
         <load_address>0x83247</load_address>
         <run_address>0x83247</run_address>
         <size>0x8</size>
         <input_file_ref idref="fl-2"/>
      </object_component>
      <object_component id="oc-2a">
         <name>.text:decompress:none</name>
         <load_address>0x8324f</load_address>
         <run_address>0x8324f</run_address>
         <size>0x8</size>
         <input_file_ref idref="fl-24"/>
      </object_component>
      <object_component id="oc-2cd">
         <name>.text:SysCtl_resetMCD</name>
         <load_address>0x83257</load_address>
         <run_address>0x83257</run_address>
         <size>0x7</size>
         <input_file_ref idref="fl-12"/>
      </object_component>
      <object_component id="oc-158">
         <name>.text:Interrupt_illegalOperationHandler</name>
         <load_address>0x8325e</load_address>
         <run_address>0x8325e</run_address>
         <size>0x2</size>
         <input_file_ref idref="fl-10"/>
      </object_component>
      <object_component id="oc-152">
         <name>.text:Interrupt_nmiHandler</name>
         <load_address>0x83260</load_address>
         <run_address>0x83260</run_address>
         <size>0x2</size>
         <input_file_ref idref="fl-10"/>
      </object_component>
      <object_component id="oc-189">
         <name>.text</name>
         <load_address>0x83262</load_address>
         <run_address>0x83262</run_address>
         <size>0x2</size>
         <input_file_ref idref="fl-21"/>
      </object_component>
      <object_component id="oc-27d">
         <name>.text</name>
         <load_address>0x83264</load_address>
         <run_address>0x83264</run_address>
         <size>0x1</size>
         <input_file_ref idref="fl-2b"/>
      </object_component>
      <object_component id="oc-31">
         <name>codestart</name>
         <load_address>0x80000</load_address>
         <run_address>0x80000</run_address>
         <size>0x2</size>
         <input_file_ref idref="fl-2"/>
      </object_component>
      <object_component id="oc-48">
         <name>.stack</name>
         <uninitialized>true</uninitialized>
         <run_address>0x400</run_address>
         <size>0x0</size>
         <input_file_ref idref="fl-1e"/>
      </object_component>
      <object_component id="oc-339">
         <name>.stack</name>
         <uninitialized>true</uninitialized>
         <run_address>0x400</run_address>
         <size>0x0</size>
      </object_component>
      <object_component id="oc-c0">
         <name>.bss</name>
         <uninitialized>true</uninitialized>
         <run_address>0xa80f</run_address>
         <size>0x4</size>
         <input_file_ref idref="fl-1"/>
      </object_component>
      <object_component id="oc-cc">
         <name>.bss:read_buf</name>
         <uninitialized>true</uninitialized>
         <run_address>0xa808</run_address>
         <size>0x7</size>
         <input_file_ref idref="fl-1"/>
      </object_component>
      <object_component id="oc-bd">
         <name>.bss:sendbuf</name>
         <uninitialized>true</uninitialized>
         <run_address>0xa800</run_address>
         <size>0x8</size>
         <input_file_ref idref="fl-1"/>
      </object_component>
      <object_component id="oc-65">
         <name>.data</name>
         <load_address>0xa824</load_address>
         <run_address>0xa824</run_address>
         <size>0x1</size>
         <input_file_ref idref="fl-1"/>
      </object_component>
      <object_component id="oc-146">
         <name>.data</name>
         <load_address>0xa814</load_address>
         <run_address>0xa814</run_address>
         <size>0x6</size>
         <input_file_ref idref="fl-3"/>
      </object_component>
      <object_component id="oc-257">
         <name>.data</name>
         <load_address>0xa81a</load_address>
         <run_address>0xa81a</run_address>
         <size>0x6</size>
         <input_file_ref idref="fl-26"/>
      </object_component>
      <object_component id="oc-25a">
         <name>.data:_lock</name>
         <load_address>0xa820</load_address>
         <run_address>0xa820</run_address>
         <size>0x2</size>
         <input_file_ref idref="fl-27"/>
      </object_component>
      <object_component id="oc-2db">
         <name>.data:_unlock</name>
         <load_address>0xa822</load_address>
         <run_address>0xa822</run_address>
         <size>0x2</size>
         <input_file_ref idref="fl-27"/>
      </object_component>
      <object_component id="oc-1fc">
         <name>.const:.string</name>
         <load_address>0x90000</load_address>
         <run_address>0x90000</run_address>
         <size>0xf5</size>
         <input_file_ref idref="fl-12"/>
      </object_component>
      <object_component id="oc-c9">
         <name>.const:$P$T2$3</name>
         <load_address>0x900f5</load_address>
         <run_address>0x900f5</run_address>
         <size>0x1</size>
         <input_file_ref idref="fl-1"/>
      </object_component>
      <object_component id="oc-1bb">
         <name>.const:.string</name>
         <load_address>0x900f6</load_address>
         <run_address>0x900f6</run_address>
         <size>0xf0</size>
         <input_file_ref idref="fl-d"/>
      </object_component>
      <object_component id="oc-fc">
         <name>.const:.string</name>
         <load_address>0x901e6</load_address>
         <run_address>0x901e6</run_address>
         <size>0xef</size>
         <input_file_ref idref="fl-e"/>
      </object_component>
      <object_component id="oc-11e">
         <name>.const:.string</name>
         <load_address>0x902d6</load_address>
         <run_address>0x902d6</run_address>
         <size>0xec</size>
         <input_file_ref idref="fl-11"/>
      </object_component>
      <object_component id="oc-107">
         <name>.const:.string</name>
         <load_address>0x903c2</load_address>
         <run_address>0x903c2</run_address>
         <size>0x7b</size>
         <input_file_ref idref="fl-c"/>
      </object_component>
      <object_component id="oc-f1">
         <name>.const:.string</name>
         <load_address>0x9043e</load_address>
         <run_address>0x9043e</run_address>
         <size>0x76</size>
         <input_file_ref idref="fl-f"/>
      </object_component>
      <object_component id="oc-b7">
         <name>.const:$P$T0$1</name>
         <load_address>0x904b4</load_address>
         <run_address>0x904b4</run_address>
         <size>0x3</size>
         <input_file_ref idref="fl-1"/>
      </object_component>
      <object_component id="oc-ba">
         <name>.const:$P$T1$2</name>
         <load_address>0x904b7</load_address>
         <run_address>0x904b7</run_address>
         <size>0x2</size>
         <input_file_ref idref="fl-1"/>
      </object_component>
      <object_component id="oc-134">
         <name>.TI.ramfunc:Flash_initModule</name>
         <load_address>0x86000</load_address>
         <run_address>0x8000</run_address>
         <size>0x43</size>
         <input_file_ref idref="fl-d"/>
      </object_component>
      <object_component id="oc-1c8">
         <name>.TI.ramfunc:Flash_setBankPowerMode</name>
         <load_address>0x86043</load_address>
         <run_address>0x8043</run_address>
         <size>0x2d</size>
         <input_file_ref idref="fl-d"/>
      </object_component>
      <object_component id="oc-1e0">
         <name>.TI.ramfunc:Flash_setWaitstates</name>
         <load_address>0x86070</load_address>
         <run_address>0x8070</run_address>
         <size>0x26</size>
         <input_file_ref idref="fl-d"/>
      </object_component>
      <object_component id="oc-1ce">
         <name>.TI.ramfunc:Flash_setPumpPowerMode</name>
         <load_address>0x86096</load_address>
         <run_address>0x8096</run_address>
         <size>0x1e</size>
         <input_file_ref idref="fl-d"/>
      </object_component>
      <object_component id="oc-1d4">
         <name>.TI.ramfunc:Flash_disableCache</name>
         <load_address>0x860b4</load_address>
         <run_address>0x80b4</run_address>
         <size>0x1a</size>
         <input_file_ref idref="fl-d"/>
      </object_component>
      <object_component id="oc-1da">
         <name>.TI.ramfunc:Flash_disablePrefetch</name>
         <load_address>0x860ce</load_address>
         <run_address>0x80ce</run_address>
         <size>0x1a</size>
         <input_file_ref idref="fl-d"/>
      </object_component>
      <object_component id="oc-1e6">
         <name>.TI.ramfunc:Flash_enableCache</name>
         <load_address>0x860e8</load_address>
         <run_address>0x80e8</run_address>
         <size>0x19</size>
         <input_file_ref idref="fl-d"/>
      </object_component>
      <object_component id="oc-1ec">
         <name>.TI.ramfunc:Flash_enablePrefetch</name>
         <load_address>0x86101</load_address>
         <run_address>0x8101</run_address>
         <size>0x19</size>
         <input_file_ref idref="fl-d"/>
      </object_component>
      <object_component id="oc-1f2">
         <name>.TI.ramfunc:Flash_enableECC</name>
         <load_address>0x8611a</load_address>
         <run_address>0x811a</run_address>
         <size>0x17</size>
         <input_file_ref idref="fl-d"/>
      </object_component>
      <object_component id="oc-b6">
         <name>.TI.ramfunc</name>
         <load_address>0x86131</load_address>
         <run_address>0x8131</run_address>
         <size>0x4</size>
         <input_file_ref idref="fl-12"/>
      </object_component>
      <object_component id="oc-d0">
         <name>.debug_types</name>
         <load_address>0x0</load_address>
         <run_address>0x0</run_address>
         <size>0x127d</size>
         <input_file_ref idref="fl-1"/>
      </object_component>
      <object_component id="oc-14a">
         <name>.debug_types</name>
         <load_address>0x127d</load_address>
         <run_address>0x127d</run_address>
         <size>0xdf2</size>
         <input_file_ref idref="fl-3"/>
      </object_component>
      <object_component id="oc-109">
         <name>.debug_types</name>
         <load_address>0x0</load_address>
         <run_address>0x0</run_address>
         <size>0x0</size>
         <input_file_ref idref="fl-c"/>
      </object_component>
      <object_component id="oc-1f9">
         <name>.debug_types</name>
         <load_address>0x206f</load_address>
         <run_address>0x206f</run_address>
         <size>0x1d7</size>
         <input_file_ref idref="fl-d"/>
      </object_component>
      <object_component id="oc-f5">
         <name>.debug_types</name>
         <load_address>0x2246</load_address>
         <run_address>0x2246</run_address>
         <size>0x334</size>
         <input_file_ref idref="fl-e"/>
      </object_component>
      <object_component id="oc-f3">
         <name>.debug_types</name>
         <load_address>0x0</load_address>
         <run_address>0x0</run_address>
         <size>0x0</size>
         <input_file_ref idref="fl-f"/>
      </object_component>
      <object_component id="oc-117">
         <name>.debug_types</name>
         <load_address>0x0</load_address>
         <run_address>0x0</run_address>
         <size>0x0</size>
         <input_file_ref idref="fl-10"/>
      </object_component>
      <object_component id="oc-12c">
         <name>.debug_types</name>
         <load_address>0x257a</load_address>
         <run_address>0x257a</run_address>
         <size>0x371</size>
         <input_file_ref idref="fl-11"/>
      </object_component>
      <object_component id="oc-1fb">
         <name>.debug_types</name>
         <load_address>0x28eb</load_address>
         <run_address>0x28eb</run_address>
         <size>0x254</size>
         <input_file_ref idref="fl-12"/>
      </object_component>
      <object_component id="oc-d6">
         <name>.debug_types</name>
         <load_address>0x2b3f</load_address>
         <run_address>0x2b3f</run_address>
         <size>0x117</size>
         <input_file_ref idref="fl-20"/>
      </object_component>
      <object_component id="oc-224">
         <name>.debug_types</name>
         <load_address>0x0</load_address>
         <run_address>0x0</run_address>
         <size>0x0</size>
         <input_file_ref idref="fl-21"/>
      </object_component>
      <object_component id="oc-284">
         <name>.debug_types</name>
         <load_address>0x2c56</load_address>
         <run_address>0x2c56</run_address>
         <size>0x49b</size>
         <input_file_ref idref="fl-22"/>
      </object_component>
      <object_component id="oc-db">
         <name>.debug_types</name>
         <load_address>0x30f1</load_address>
         <run_address>0x30f1</run_address>
         <size>0x194</size>
         <input_file_ref idref="fl-23"/>
      </object_component>
      <object_component id="oc-52">
         <name>.debug_types</name>
         <load_address>0x0</load_address>
         <run_address>0x0</run_address>
         <size>0x0</size>
         <input_file_ref idref="fl-24"/>
      </object_component>
      <object_component id="oc-4a">
         <name>.debug_types</name>
         <load_address>0x3285</load_address>
         <run_address>0x3285</run_address>
         <size>0x191</size>
         <input_file_ref idref="fl-25"/>
      </object_component>
      <object_component id="oc-25e">
         <name>.debug_types</name>
         <load_address>0x3416</load_address>
         <run_address>0x3416</run_address>
         <size>0xbf</size>
         <input_file_ref idref="fl-26"/>
      </object_component>
      <object_component id="oc-29f">
         <name>.debug_types</name>
         <load_address>0x34d5</load_address>
         <run_address>0x34d5</run_address>
         <size>0x2f</size>
         <input_file_ref idref="fl-27"/>
      </object_component>
      <object_component id="oc-256">
         <name>.debug_types</name>
         <load_address>0x3504</load_address>
         <run_address>0x3504</run_address>
         <size>0xe1</size>
         <input_file_ref idref="fl-28"/>
      </object_component>
      <object_component id="oc-2d5">
         <name>.debug_types</name>
         <load_address>0x0</load_address>
         <run_address>0x0</run_address>
         <size>0x0</size>
         <input_file_ref idref="fl-2b"/>
      </object_component>
      <object_component id="oc-66">
         <name>.debug_info</name>
         <load_address>0x0</load_address>
         <run_address>0x0</run_address>
         <size>0xeb</size>
         <input_file_ref idref="fl-1"/>
      </object_component>
      <object_component id="oc-ca">
         <name>.debug_info</name>
         <load_address>0xeb</load_address>
         <run_address>0xeb</run_address>
         <size>0xe6</size>
         <input_file_ref idref="fl-1"/>
      </object_component>
      <object_component id="oc-bb">
         <name>.debug_info</name>
         <load_address>0x1d1</load_address>
         <run_address>0x1d1</run_address>
         <size>0xe6</size>
         <input_file_ref idref="fl-1"/>
      </object_component>
      <object_component id="oc-b8">
         <name>.debug_info</name>
         <load_address>0x2b7</load_address>
         <run_address>0x2b7</run_address>
         <size>0xe6</size>
         <input_file_ref idref="fl-1"/>
      </object_component>
      <object_component id="oc-c1">
         <name>.debug_info</name>
         <load_address>0x39d</load_address>
         <run_address>0x39d</run_address>
         <size>0xf0</size>
         <input_file_ref idref="fl-1"/>
      </object_component>
      <object_component id="oc-cd">
         <name>.debug_info</name>
         <load_address>0x48d</load_address>
         <run_address>0x48d</run_address>
         <size>0xe7</size>
         <input_file_ref idref="fl-1"/>
      </object_component>
      <object_component id="oc-be">
         <name>.debug_info</name>
         <load_address>0x574</load_address>
         <run_address>0x574</run_address>
         <size>0xe5</size>
         <input_file_ref idref="fl-1"/>
      </object_component>
      <object_component id="oc-3e">
         <name>.debug_info</name>
         <load_address>0x659</load_address>
         <run_address>0x659</run_address>
         <size>0x282c</size>
         <input_file_ref idref="fl-1"/>
      </object_component>
      <object_component id="oc-43">
         <name>.debug_info</name>
         <load_address>0x2e85</load_address>
         <run_address>0x2e85</run_address>
         <size>0x12f</size>
         <input_file_ref idref="fl-1"/>
      </object_component>
      <object_component id="oc-32">
         <name>.debug_info</name>
         <load_address>0x2fb4</load_address>
         <run_address>0x2fb4</run_address>
         <size>0x109</size>
         <input_file_ref idref="fl-2"/>
      </object_component>
      <object_component id="oc-60">
         <name>.debug_info</name>
         <load_address>0x30bd</load_address>
         <run_address>0x30bd</run_address>
         <size>0x10a</size>
         <input_file_ref idref="fl-2"/>
      </object_component>
      <object_component id="oc-147">
         <name>.debug_info</name>
         <load_address>0x31c7</load_address>
         <run_address>0x31c7</run_address>
         <size>0x154</size>
         <input_file_ref idref="fl-3"/>
      </object_component>
      <object_component id="oc-a5">
         <name>.debug_info</name>
         <load_address>0x331b</load_address>
         <run_address>0x331b</run_address>
         <size>0x1c2e</size>
         <input_file_ref idref="fl-3"/>
      </object_component>
      <object_component id="oc-102">
         <name>.debug_info</name>
         <load_address>0x4f49</load_address>
         <run_address>0x4f49</run_address>
         <size>0x264</size>
         <input_file_ref idref="fl-c"/>
      </object_component>
      <object_component id="oc-8d">
         <name>.debug_info</name>
         <load_address>0x51ad</load_address>
         <run_address>0x51ad</run_address>
         <size>0x2b0</size>
         <input_file_ref idref="fl-c"/>
      </object_component>
      <object_component id="oc-1b6">
         <name>.debug_info</name>
         <load_address>0x545d</load_address>
         <run_address>0x545d</run_address>
         <size>0x268</size>
         <input_file_ref idref="fl-d"/>
      </object_component>
      <object_component id="oc-1bd">
         <name>.debug_info</name>
         <load_address>0x56c5</load_address>
         <run_address>0x56c5</run_address>
         <size>0x264</size>
         <input_file_ref idref="fl-d"/>
      </object_component>
      <object_component id="oc-1e1">
         <name>.debug_info</name>
         <load_address>0x5929</load_address>
         <run_address>0x5929</run_address>
         <size>0x2c4</size>
         <input_file_ref idref="fl-d"/>
      </object_component>
      <object_component id="oc-1c9">
         <name>.debug_info</name>
         <load_address>0x5bed</load_address>
         <run_address>0x5bed</run_address>
         <size>0x2da</size>
         <input_file_ref idref="fl-d"/>
      </object_component>
      <object_component id="oc-1cf">
         <name>.debug_info</name>
         <load_address>0x5ec7</load_address>
         <run_address>0x5ec7</run_address>
         <size>0x2b9</size>
         <input_file_ref idref="fl-d"/>
      </object_component>
      <object_component id="oc-1ed">
         <name>.debug_info</name>
         <load_address>0x6180</load_address>
         <run_address>0x6180</run_address>
         <size>0x28a</size>
         <input_file_ref idref="fl-d"/>
      </object_component>
      <object_component id="oc-1db">
         <name>.debug_info</name>
         <load_address>0x640a</load_address>
         <run_address>0x640a</run_address>
         <size>0x28c</size>
         <input_file_ref idref="fl-d"/>
      </object_component>
      <object_component id="oc-1e7">
         <name>.debug_info</name>
         <load_address>0x6696</load_address>
         <run_address>0x6696</run_address>
         <size>0x284</size>
         <input_file_ref idref="fl-d"/>
      </object_component>
      <object_component id="oc-1d5">
         <name>.debug_info</name>
         <load_address>0x691a</load_address>
         <run_address>0x691a</run_address>
         <size>0x286</size>
         <input_file_ref idref="fl-d"/>
      </object_component>
      <object_component id="oc-1f3">
         <name>.debug_info</name>
         <load_address>0x6ba0</load_address>
         <run_address>0x6ba0</run_address>
         <size>0x27d</size>
         <input_file_ref idref="fl-d"/>
      </object_component>
      <object_component id="oc-1c3">
         <name>.debug_info</name>
         <load_address>0x6e1d</load_address>
         <run_address>0x6e1d</run_address>
         <size>0x2c6</size>
         <input_file_ref idref="fl-d"/>
      </object_component>
      <object_component id="oc-135">
         <name>.debug_info</name>
         <load_address>0x70e3</load_address>
         <run_address>0x70e3</run_address>
         <size>0x3e2</size>
         <input_file_ref idref="fl-d"/>
      </object_component>
      <object_component id="oc-f7">
         <name>.debug_info</name>
         <load_address>0x74c5</load_address>
         <run_address>0x74c5</run_address>
         <size>0x250</size>
         <input_file_ref idref="fl-e"/>
      </object_component>
      <object_component id="oc-75">
         <name>.debug_info</name>
         <load_address>0x7715</load_address>
         <run_address>0x7715</run_address>
         <size>0x2c8</size>
         <input_file_ref idref="fl-e"/>
      </object_component>
      <object_component id="oc-7b">
         <name>.debug_info</name>
         <load_address>0x79dd</load_address>
         <run_address>0x79dd</run_address>
         <size>0x2b1</size>
         <input_file_ref idref="fl-e"/>
      </object_component>
      <object_component id="oc-87">
         <name>.debug_info</name>
         <load_address>0x7c8e</load_address>
         <run_address>0x7c8e</run_address>
         <size>0x2f9</size>
         <input_file_ref idref="fl-e"/>
      </object_component>
      <object_component id="oc-81">
         <name>.debug_info</name>
         <load_address>0x7f87</load_address>
         <run_address>0x7f87</run_address>
         <size>0x2d9</size>
         <input_file_ref idref="fl-e"/>
      </object_component>
      <object_component id="oc-6f">
         <name>.debug_info</name>
         <load_address>0x8260</load_address>
         <run_address>0x8260</run_address>
         <size>0x29a</size>
         <input_file_ref idref="fl-e"/>
      </object_component>
      <object_component id="oc-ec">
         <name>.debug_info</name>
         <load_address>0x84fa</load_address>
         <run_address>0x84fa</run_address>
         <size>0x252</size>
         <input_file_ref idref="fl-f"/>
      </object_component>
      <object_component id="oc-69">
         <name>.debug_info</name>
         <load_address>0x874c</load_address>
         <run_address>0x874c</run_address>
         <size>0x30c</size>
         <input_file_ref idref="fl-f"/>
      </object_component>
      <object_component id="oc-111">
         <name>.debug_info</name>
         <load_address>0x8a58</load_address>
         <run_address>0x8a58</run_address>
         <size>0x249</size>
         <input_file_ref idref="fl-10"/>
      </object_component>
      <object_component id="oc-10b">
         <name>.debug_info</name>
         <load_address>0x8ca1</load_address>
         <run_address>0x8ca1</run_address>
         <size>0x24d</size>
         <input_file_ref idref="fl-10"/>
      </object_component>
      <object_component id="oc-14d">
         <name>.debug_info</name>
         <load_address>0x8eee</load_address>
         <run_address>0x8eee</run_address>
         <size>0x267</size>
         <input_file_ref idref="fl-10"/>
      </object_component>
      <object_component id="oc-159">
         <name>.debug_info</name>
         <load_address>0x9155</load_address>
         <run_address>0x9155</run_address>
         <size>0x24d</size>
         <input_file_ref idref="fl-10"/>
      </object_component>
      <object_component id="oc-153">
         <name>.debug_info</name>
         <load_address>0x93a2</load_address>
         <run_address>0x93a2</run_address>
         <size>0x233</size>
         <input_file_ref idref="fl-10"/>
      </object_component>
      <object_component id="oc-ab">
         <name>.debug_info</name>
         <load_address>0x95d5</load_address>
         <run_address>0x95d5</run_address>
         <size>0x25a</size>
         <input_file_ref idref="fl-10"/>
      </object_component>
      <object_component id="oc-b1">
         <name>.debug_info</name>
         <load_address>0x982f</load_address>
         <run_address>0x982f</run_address>
         <size>0x255</size>
         <input_file_ref idref="fl-10"/>
      </object_component>
      <object_component id="oc-93">
         <name>.debug_info</name>
         <load_address>0x9a84</load_address>
         <run_address>0x9a84</run_address>
         <size>0x2fd</size>
         <input_file_ref idref="fl-10"/>
      </object_component>
      <object_component id="oc-119">
         <name>.debug_info</name>
         <load_address>0x9d81</load_address>
         <run_address>0x9d81</run_address>
         <size>0x250</size>
         <input_file_ref idref="fl-11"/>
      </object_component>
      <object_component id="oc-126">
         <name>.debug_info</name>
         <load_address>0x9fd1</load_address>
         <run_address>0x9fd1</run_address>
         <size>0x270</size>
         <input_file_ref idref="fl-11"/>
      </object_component>
      <object_component id="oc-120">
         <name>.debug_info</name>
         <load_address>0xa241</load_address>
         <run_address>0xa241</run_address>
         <size>0x272</size>
         <input_file_ref idref="fl-11"/>
      </object_component>
      <object_component id="oc-168">
         <name>.debug_info</name>
         <load_address>0xa4b3</load_address>
         <run_address>0xa4b3</run_address>
         <size>0x27a</size>
         <input_file_ref idref="fl-11"/>
      </object_component>
      <object_component id="oc-174">
         <name>.debug_info</name>
         <load_address>0xa72d</load_address>
         <run_address>0xa72d</run_address>
         <size>0x28e</size>
         <input_file_ref idref="fl-11"/>
      </object_component>
      <object_component id="oc-16e">
         <name>.debug_info</name>
         <load_address>0xa9bb</load_address>
         <run_address>0xa9bb</run_address>
         <size>0x27e</size>
         <input_file_ref idref="fl-11"/>
      </object_component>
      <object_component id="oc-12e">
         <name>.debug_info</name>
         <load_address>0xac39</load_address>
         <run_address>0xac39</run_address>
         <size>0x280</size>
         <input_file_ref idref="fl-11"/>
      </object_component>
      <object_component id="oc-99">
         <name>.debug_info</name>
         <load_address>0xaeb9</load_address>
         <run_address>0xaeb9</run_address>
         <size>0x300</size>
         <input_file_ref idref="fl-11"/>
      </object_component>
      <object_component id="oc-c4">
         <name>.debug_info</name>
         <load_address>0xb1b9</load_address>
         <run_address>0xb1b9</run_address>
         <size>0x319</size>
         <input_file_ref idref="fl-11"/>
      </object_component>
      <object_component id="oc-9f">
         <name>.debug_info</name>
         <load_address>0xb4d2</load_address>
         <run_address>0xb4d2</run_address>
         <size>0x2b3</size>
         <input_file_ref idref="fl-11"/>
      </object_component>
      <object_component id="oc-20a">
         <name>.debug_info</name>
         <load_address>0xb785</load_address>
         <run_address>0xb785</run_address>
         <size>0x23d</size>
         <input_file_ref idref="fl-12"/>
      </object_component>
      <object_component id="oc-1fe">
         <name>.debug_info</name>
         <load_address>0xb9c2</load_address>
         <run_address>0xb9c2</run_address>
         <size>0x259</size>
         <input_file_ref idref="fl-12"/>
      </object_component>
      <object_component id="oc-2ce">
         <name>.debug_info</name>
         <load_address>0xbc1b</load_address>
         <run_address>0xbc1b</run_address>
         <size>0x22f</size>
         <input_file_ref idref="fl-12"/>
      </object_component>
      <object_component id="oc-2e3">
         <name>.debug_info</name>
         <load_address>0xbe4a</load_address>
         <run_address>0xbe4a</run_address>
         <size>0x262</size>
         <input_file_ref idref="fl-12"/>
      </object_component>
      <object_component id="oc-2bc">
         <name>.debug_info</name>
         <load_address>0xc0ac</load_address>
         <run_address>0xc0ac</run_address>
         <size>0x28f</size>
         <input_file_ref idref="fl-12"/>
      </object_component>
      <object_component id="oc-2a4">
         <name>.debug_info</name>
         <load_address>0xc33b</load_address>
         <run_address>0xc33b</run_address>
         <size>0x28d</size>
         <input_file_ref idref="fl-12"/>
      </object_component>
      <object_component id="oc-2aa">
         <name>.debug_info</name>
         <load_address>0xc5c8</load_address>
         <run_address>0xc5c8</run_address>
         <size>0x27f</size>
         <input_file_ref idref="fl-12"/>
      </object_component>
      <object_component id="oc-2c2">
         <name>.debug_info</name>
         <load_address>0xc847</load_address>
         <run_address>0xc847</run_address>
         <size>0x283</size>
         <input_file_ref idref="fl-12"/>
      </object_component>
      <object_component id="oc-2b0">
         <name>.debug_info</name>
         <load_address>0xcaca</load_address>
         <run_address>0xcaca</run_address>
         <size>0x299</size>
         <input_file_ref idref="fl-12"/>
      </object_component>
      <object_component id="oc-2ef">
         <name>.debug_info</name>
         <load_address>0xcd63</load_address>
         <run_address>0xcd63</run_address>
         <size>0x2a3</size>
         <input_file_ref idref="fl-12"/>
      </object_component>
      <object_component id="oc-2b6">
         <name>.debug_info</name>
         <load_address>0xd006</load_address>
         <run_address>0xd006</run_address>
         <size>0x2c7</size>
         <input_file_ref idref="fl-12"/>
      </object_component>
      <object_component id="oc-2c8">
         <name>.debug_info</name>
         <load_address>0xd2cd</load_address>
         <run_address>0xd2cd</run_address>
         <size>0x2a2</size>
         <input_file_ref idref="fl-12"/>
      </object_component>
      <object_component id="oc-141">
         <name>.debug_info</name>
         <load_address>0xd56f</load_address>
         <run_address>0xd56f</run_address>
         <size>0x565</size>
         <input_file_ref idref="fl-12"/>
      </object_component>
      <object_component id="oc-272">
         <name>.debug_info</name>
         <load_address>0xdad4</load_address>
         <run_address>0xdad4</run_address>
         <size>0x3be</size>
         <input_file_ref idref="fl-12"/>
      </object_component>
      <object_component id="oc-204">
         <name>.debug_info</name>
         <load_address>0xde92</load_address>
         <run_address>0xde92</run_address>
         <size>0x28e</size>
         <input_file_ref idref="fl-12"/>
      </object_component>
      <object_component id="oc-13b">
         <name>.debug_info</name>
         <load_address>0xe120</load_address>
         <run_address>0xe120</run_address>
         <size>0x28c</size>
         <input_file_ref idref="fl-12"/>
      </object_component>
      <object_component id="oc-e4">
         <name>.debug_info</name>
         <load_address>0xe3ac</load_address>
         <run_address>0xe3ac</run_address>
         <size>0x158</size>
         <input_file_ref idref="fl-1e"/>
      </object_component>
      <object_component id="oc-210">
         <name>.debug_info</name>
         <load_address>0xe504</load_address>
         <run_address>0xe504</run_address>
         <size>0x127</size>
         <input_file_ref idref="fl-1f"/>
      </object_component>
      <object_component id="oc-4c">
         <name>.debug_info</name>
         <load_address>0xe62b</load_address>
         <run_address>0xe62b</run_address>
         <size>0x19b</size>
         <input_file_ref idref="fl-20"/>
      </object_component>
      <object_component id="oc-18a">
         <name>.debug_info</name>
         <load_address>0xe7c6</load_address>
         <run_address>0xe7c6</run_address>
         <size>0x14d</size>
         <input_file_ref idref="fl-21"/>
      </object_component>
      <object_component id="oc-226">
         <name>.debug_info</name>
         <load_address>0xe913</load_address>
         <run_address>0xe913</run_address>
         <size>0x1bf</size>
         <input_file_ref idref="fl-22"/>
      </object_component>
      <object_component id="oc-54">
         <name>.debug_info</name>
         <load_address>0xead2</load_address>
         <run_address>0xead2</run_address>
         <size>0x1b6</size>
         <input_file_ref idref="fl-23"/>
      </object_component>
      <object_component id="oc-2b">
         <name>.debug_info</name>
         <load_address>0xec88</load_address>
         <run_address>0xec88</run_address>
         <size>0x1b7</size>
         <input_file_ref idref="fl-24"/>
      </object_component>
      <object_component id="oc-25">
         <name>.debug_info</name>
         <load_address>0xee3f</load_address>
         <run_address>0xee3f</run_address>
         <size>0x20c</size>
         <input_file_ref idref="fl-25"/>
      </object_component>
      <object_component id="oc-258">
         <name>.debug_info</name>
         <load_address>0xf04b</load_address>
         <run_address>0xf04b</run_address>
         <size>0x19e</size>
         <input_file_ref idref="fl-26"/>
      </object_component>
      <object_component id="oc-197">
         <name>.debug_info</name>
         <load_address>0xf1e9</load_address>
         <run_address>0xf1e9</run_address>
         <size>0x1a9</size>
         <input_file_ref idref="fl-26"/>
      </object_component>
      <object_component id="oc-25b">
         <name>.debug_info</name>
         <load_address>0xf392</load_address>
         <run_address>0xf392</run_address>
         <size>0x107</size>
         <input_file_ref idref="fl-27"/>
      </object_component>
      <object_component id="oc-2dc">
         <name>.debug_info</name>
         <load_address>0xf499</load_address>
         <run_address>0xf499</run_address>
         <size>0x10b</size>
         <input_file_ref idref="fl-27"/>
      </object_component>
      <object_component id="oc-298">
         <name>.debug_info</name>
         <load_address>0xf5a4</load_address>
         <run_address>0xf5a4</run_address>
         <size>0x203</size>
         <input_file_ref idref="fl-27"/>
      </object_component>
      <object_component id="oc-191">
         <name>.debug_info</name>
         <load_address>0xf7a7</load_address>
         <run_address>0xf7a7</run_address>
         <size>0x15d</size>
         <input_file_ref idref="fl-28"/>
      </object_component>
      <object_component id="oc-27e">
         <name>.debug_info</name>
         <load_address>0xf904</load_address>
         <run_address>0xf904</run_address>
         <size>0x147</size>
         <input_file_ref idref="fl-2b"/>
      </object_component>
      <object_component id="oc-33b">
         <name>.debug_info</name>
         <load_address>0xfa4b</load_address>
         <run_address>0xfa4b</run_address>
         <size>0xa9</size>
      </object_component>
      <object_component id="oc-ea">
         <name>.debug_line</name>
         <load_address>0x0</load_address>
         <run_address>0x0</run_address>
         <size>0x38</size>
         <input_file_ref idref="fl-1"/>
      </object_component>
      <object_component id="oc-17b">
         <name>.debug_line</name>
         <load_address>0x38</load_address>
         <run_address>0x38</run_address>
         <size>0x38</size>
         <input_file_ref idref="fl-1"/>
      </object_component>
      <object_component id="oc-162">
         <name>.debug_line</name>
         <load_address>0x70</load_address>
         <run_address>0x70</run_address>
         <size>0x38</size>
         <input_file_ref idref="fl-1"/>
      </object_component>
      <object_component id="oc-160">
         <name>.debug_line</name>
         <load_address>0xa8</load_address>
         <run_address>0xa8</run_address>
         <size>0x38</size>
         <input_file_ref idref="fl-1"/>
      </object_component>
      <object_component id="oc-166">
         <name>.debug_line</name>
         <load_address>0xe0</load_address>
         <run_address>0xe0</run_address>
         <size>0x38</size>
         <input_file_ref idref="fl-1"/>
      </object_component>
      <object_component id="oc-17d">
         <name>.debug_line</name>
         <load_address>0x118</load_address>
         <run_address>0x118</run_address>
         <size>0x38</size>
         <input_file_ref idref="fl-1"/>
      </object_component>
      <object_component id="oc-164">
         <name>.debug_line</name>
         <load_address>0x150</load_address>
         <run_address>0x150</run_address>
         <size>0x38</size>
         <input_file_ref idref="fl-1"/>
      </object_component>
      <object_component id="oc-41">
         <name>.debug_line</name>
         <load_address>0x188</load_address>
         <run_address>0x188</run_address>
         <size>0x758</size>
         <input_file_ref idref="fl-1"/>
      </object_component>
      <object_component id="oc-46">
         <name>.debug_line</name>
         <load_address>0x8e0</load_address>
         <run_address>0x8e0</run_address>
         <size>0x4e</size>
         <input_file_ref idref="fl-1"/>
      </object_component>
      <object_component id="oc-17f">
         <name>.debug_line</name>
         <load_address>0x92e</load_address>
         <run_address>0x92e</run_address>
         <size>0x11d</size>
         <input_file_ref idref="fl-1"/>
      </object_component>
      <object_component id="oc-35">
         <name>.debug_line</name>
         <load_address>0xa4b</load_address>
         <run_address>0xa4b</run_address>
         <size>0x55</size>
         <input_file_ref idref="fl-2"/>
      </object_component>
      <object_component id="oc-63">
         <name>.debug_line</name>
         <load_address>0xaa0</load_address>
         <run_address>0xaa0</run_address>
         <size>0x5d</size>
         <input_file_ref idref="fl-2"/>
      </object_component>
      <object_component id="oc-216">
         <name>.debug_line</name>
         <load_address>0xafd</load_address>
         <run_address>0xafd</run_address>
         <size>0x37</size>
         <input_file_ref idref="fl-3"/>
      </object_component>
      <object_component id="oc-a8">
         <name>.debug_line</name>
         <load_address>0xb34</load_address>
         <run_address>0xb34</run_address>
         <size>0x400</size>
         <input_file_ref idref="fl-3"/>
      </object_component>
      <object_component id="oc-218">
         <name>.debug_line</name>
         <load_address>0xf34</load_address>
         <run_address>0xf34</run_address>
         <size>0x133</size>
         <input_file_ref idref="fl-3"/>
      </object_component>
      <object_component id="oc-105">
         <name>.debug_line</name>
         <load_address>0x1067</load_address>
         <run_address>0x1067</run_address>
         <size>0xb5</size>
         <input_file_ref idref="fl-c"/>
      </object_component>
      <object_component id="oc-90">
         <name>.debug_line</name>
         <load_address>0x111c</load_address>
         <run_address>0x111c</run_address>
         <size>0xb7</size>
         <input_file_ref idref="fl-c"/>
      </object_component>
      <object_component id="oc-1a7">
         <name>.debug_line</name>
         <load_address>0x11d3</load_address>
         <run_address>0x11d3</run_address>
         <size>0x11a</size>
         <input_file_ref idref="fl-c"/>
      </object_component>
      <object_component id="oc-1b9">
         <name>.debug_line</name>
         <load_address>0x12ed</load_address>
         <run_address>0x12ed</run_address>
         <size>0xb2</size>
         <input_file_ref idref="fl-d"/>
      </object_component>
      <object_component id="oc-1c0">
         <name>.debug_line</name>
         <load_address>0x139f</load_address>
         <run_address>0x139f</run_address>
         <size>0xb2</size>
         <input_file_ref idref="fl-d"/>
      </object_component>
      <object_component id="oc-1e4">
         <name>.debug_line</name>
         <load_address>0x1451</load_address>
         <run_address>0x1451</run_address>
         <size>0xb6</size>
         <input_file_ref idref="fl-d"/>
      </object_component>
      <object_component id="oc-1cc">
         <name>.debug_line</name>
         <load_address>0x1507</load_address>
         <run_address>0x1507</run_address>
         <size>0xb5</size>
         <input_file_ref idref="fl-d"/>
      </object_component>
      <object_component id="oc-1d2">
         <name>.debug_line</name>
         <load_address>0x15bc</load_address>
         <run_address>0x15bc</run_address>
         <size>0xb5</size>
         <input_file_ref idref="fl-d"/>
      </object_component>
      <object_component id="oc-1f0">
         <name>.debug_line</name>
         <load_address>0x1671</load_address>
         <run_address>0x1671</run_address>
         <size>0xb5</size>
         <input_file_ref idref="fl-d"/>
      </object_component>
      <object_component id="oc-1de">
         <name>.debug_line</name>
         <load_address>0x1726</load_address>
         <run_address>0x1726</run_address>
         <size>0xb5</size>
         <input_file_ref idref="fl-d"/>
      </object_component>
      <object_component id="oc-1ea">
         <name>.debug_line</name>
         <load_address>0x17db</load_address>
         <run_address>0x17db</run_address>
         <size>0xb5</size>
         <input_file_ref idref="fl-d"/>
      </object_component>
      <object_component id="oc-1d8">
         <name>.debug_line</name>
         <load_address>0x1890</load_address>
         <run_address>0x1890</run_address>
         <size>0xb5</size>
         <input_file_ref idref="fl-d"/>
      </object_component>
      <object_component id="oc-1f6">
         <name>.debug_line</name>
         <load_address>0x1945</load_address>
         <run_address>0x1945</run_address>
         <size>0xb5</size>
         <input_file_ref idref="fl-d"/>
      </object_component>
      <object_component id="oc-1c6">
         <name>.debug_line</name>
         <load_address>0x19fa</load_address>
         <run_address>0x19fa</run_address>
         <size>0xb6</size>
         <input_file_ref idref="fl-d"/>
      </object_component>
      <object_component id="oc-138">
         <name>.debug_line</name>
         <load_address>0x1ab0</load_address>
         <run_address>0x1ab0</run_address>
         <size>0xbd</size>
         <input_file_ref idref="fl-d"/>
      </object_component>
      <object_component id="oc-26b">
         <name>.debug_line</name>
         <load_address>0x1b6d</load_address>
         <run_address>0x1b6d</run_address>
         <size>0x117</size>
         <input_file_ref idref="fl-d"/>
      </object_component>
      <object_component id="oc-fa">
         <name>.debug_line</name>
         <load_address>0x1c84</load_address>
         <run_address>0x1c84</run_address>
         <size>0xb1</size>
         <input_file_ref idref="fl-e"/>
      </object_component>
      <object_component id="oc-78">
         <name>.debug_line</name>
         <load_address>0x1d35</load_address>
         <run_address>0x1d35</run_address>
         <size>0xbb</size>
         <input_file_ref idref="fl-e"/>
      </object_component>
      <object_component id="oc-7e">
         <name>.debug_line</name>
         <load_address>0x1df0</load_address>
         <run_address>0x1df0</run_address>
         <size>0xca</size>
         <input_file_ref idref="fl-e"/>
      </object_component>
      <object_component id="oc-8a">
         <name>.debug_line</name>
         <load_address>0x1eba</load_address>
         <run_address>0x1eba</run_address>
         <size>0xb8</size>
         <input_file_ref idref="fl-e"/>
      </object_component>
      <object_component id="oc-84">
         <name>.debug_line</name>
         <load_address>0x1f72</load_address>
         <run_address>0x1f72</run_address>
         <size>0xb8</size>
         <input_file_ref idref="fl-e"/>
      </object_component>
      <object_component id="oc-72">
         <name>.debug_line</name>
         <load_address>0x202a</load_address>
         <run_address>0x202a</run_address>
         <size>0xb8</size>
         <input_file_ref idref="fl-e"/>
      </object_component>
      <object_component id="oc-1a2">
         <name>.debug_line</name>
         <load_address>0x20e2</load_address>
         <run_address>0x20e2</run_address>
         <size>0x116</size>
         <input_file_ref idref="fl-e"/>
      </object_component>
      <object_component id="oc-ef">
         <name>.debug_line</name>
         <load_address>0x21f8</load_address>
         <run_address>0x21f8</run_address>
         <size>0xb0</size>
         <input_file_ref idref="fl-f"/>
      </object_component>
      <object_component id="oc-6c">
         <name>.debug_line</name>
         <load_address>0x22a8</load_address>
         <run_address>0x22a8</run_address>
         <size>0xcf</size>
         <input_file_ref idref="fl-f"/>
      </object_component>
      <object_component id="oc-19f">
         <name>.debug_line</name>
         <load_address>0x2377</load_address>
         <run_address>0x2377</run_address>
         <size>0x115</size>
         <input_file_ref idref="fl-f"/>
      </object_component>
      <object_component id="oc-114">
         <name>.debug_line</name>
         <load_address>0x248c</load_address>
         <run_address>0x248c</run_address>
         <size>0xb6</size>
         <input_file_ref idref="fl-10"/>
      </object_component>
      <object_component id="oc-10e">
         <name>.debug_line</name>
         <load_address>0x2542</load_address>
         <run_address>0x2542</run_address>
         <size>0xb6</size>
         <input_file_ref idref="fl-10"/>
      </object_component>
      <object_component id="oc-150">
         <name>.debug_line</name>
         <load_address>0x25f8</load_address>
         <run_address>0x25f8</run_address>
         <size>0xbc</size>
         <input_file_ref idref="fl-10"/>
      </object_component>
      <object_component id="oc-15c">
         <name>.debug_line</name>
         <load_address>0x26b4</load_address>
         <run_address>0x26b4</run_address>
         <size>0xb4</size>
         <input_file_ref idref="fl-10"/>
      </object_component>
      <object_component id="oc-156">
         <name>.debug_line</name>
         <load_address>0x2768</load_address>
         <run_address>0x2768</run_address>
         <size>0xb4</size>
         <input_file_ref idref="fl-10"/>
      </object_component>
      <object_component id="oc-ae">
         <name>.debug_line</name>
         <load_address>0x281c</load_address>
         <run_address>0x281c</run_address>
         <size>0xd1</size>
         <input_file_ref idref="fl-10"/>
      </object_component>
      <object_component id="oc-b4">
         <name>.debug_line</name>
         <load_address>0x28ed</load_address>
         <run_address>0x28ed</run_address>
         <size>0xca</size>
         <input_file_ref idref="fl-10"/>
      </object_component>
      <object_component id="oc-96">
         <name>.debug_line</name>
         <load_address>0x29b7</load_address>
         <run_address>0x29b7</run_address>
         <size>0xca</size>
         <input_file_ref idref="fl-10"/>
      </object_component>
      <object_component id="oc-1ac">
         <name>.debug_line</name>
         <load_address>0x2a81</load_address>
         <run_address>0x2a81</run_address>
         <size>0x21</size>
         <input_file_ref idref="fl-10"/>
      </object_component>
      <object_component id="oc-11c">
         <name>.debug_line</name>
         <load_address>0x2aa2</load_address>
         <run_address>0x2aa2</run_address>
         <size>0xb0</size>
         <input_file_ref idref="fl-11"/>
      </object_component>
      <object_component id="oc-129">
         <name>.debug_line</name>
         <load_address>0x2b52</load_address>
         <run_address>0x2b52</run_address>
         <size>0xb1</size>
         <input_file_ref idref="fl-11"/>
      </object_component>
      <object_component id="oc-123">
         <name>.debug_line</name>
         <load_address>0x2c03</load_address>
         <run_address>0x2c03</run_address>
         <size>0xb2</size>
         <input_file_ref idref="fl-11"/>
      </object_component>
      <object_component id="oc-16b">
         <name>.debug_line</name>
         <load_address>0x2cb5</load_address>
         <run_address>0x2cb5</run_address>
         <size>0xb1</size>
         <input_file_ref idref="fl-11"/>
      </object_component>
      <object_component id="oc-177">
         <name>.debug_line</name>
         <load_address>0x2d66</load_address>
         <run_address>0x2d66</run_address>
         <size>0xb1</size>
         <input_file_ref idref="fl-11"/>
      </object_component>
      <object_component id="oc-171">
         <name>.debug_line</name>
         <load_address>0x2e17</load_address>
         <run_address>0x2e17</run_address>
         <size>0xb1</size>
         <input_file_ref idref="fl-11"/>
      </object_component>
      <object_component id="oc-131">
         <name>.debug_line</name>
         <load_address>0x2ec8</load_address>
         <run_address>0x2ec8</run_address>
         <size>0xb2</size>
         <input_file_ref idref="fl-11"/>
      </object_component>
      <object_component id="oc-9c">
         <name>.debug_line</name>
         <load_address>0x2f7a</load_address>
         <run_address>0x2f7a</run_address>
         <size>0xb7</size>
         <input_file_ref idref="fl-11"/>
      </object_component>
      <object_component id="oc-c7">
         <name>.debug_line</name>
         <load_address>0x3031</load_address>
         <run_address>0x3031</run_address>
         <size>0xe5</size>
         <input_file_ref idref="fl-11"/>
      </object_component>
      <object_component id="oc-a2">
         <name>.debug_line</name>
         <load_address>0x3116</load_address>
         <run_address>0x3116</run_address>
         <size>0xc0</size>
         <input_file_ref idref="fl-11"/>
      </object_component>
      <object_component id="oc-1b2">
         <name>.debug_line</name>
         <load_address>0x31d6</load_address>
         <run_address>0x31d6</run_address>
         <size>0x115</size>
         <input_file_ref idref="fl-11"/>
      </object_component>
      <object_component id="oc-20d">
         <name>.debug_line</name>
         <load_address>0x32eb</load_address>
         <run_address>0x32eb</run_address>
         <size>0xb6</size>
         <input_file_ref idref="fl-12"/>
      </object_component>
      <object_component id="oc-201">
         <name>.debug_line</name>
         <load_address>0x33a1</load_address>
         <run_address>0x33a1</run_address>
         <size>0xb3</size>
         <input_file_ref idref="fl-12"/>
      </object_component>
      <object_component id="oc-2d1">
         <name>.debug_line</name>
         <load_address>0x3454</load_address>
         <run_address>0x3454</run_address>
         <size>0xb5</size>
         <input_file_ref idref="fl-12"/>
      </object_component>
      <object_component id="oc-2e6">
         <name>.debug_line</name>
         <load_address>0x3509</load_address>
         <run_address>0x3509</run_address>
         <size>0xb5</size>
         <input_file_ref idref="fl-12"/>
      </object_component>
      <object_component id="oc-2bf">
         <name>.debug_line</name>
         <load_address>0x35be</load_address>
         <run_address>0x35be</run_address>
         <size>0xb6</size>
         <input_file_ref idref="fl-12"/>
      </object_component>
      <object_component id="oc-2a7">
         <name>.debug_line</name>
         <load_address>0x3674</load_address>
         <run_address>0x3674</run_address>
         <size>0xb6</size>
         <input_file_ref idref="fl-12"/>
      </object_component>
      <object_component id="oc-2ad">
         <name>.debug_line</name>
         <load_address>0x372a</load_address>
         <run_address>0x372a</run_address>
         <size>0xb6</size>
         <input_file_ref idref="fl-12"/>
      </object_component>
      <object_component id="oc-2c5">
         <name>.debug_line</name>
         <load_address>0x37e0</load_address>
         <run_address>0x37e0</run_address>
         <size>0xb7</size>
         <input_file_ref idref="fl-12"/>
      </object_component>
      <object_component id="oc-2b3">
         <name>.debug_line</name>
         <load_address>0x3897</load_address>
         <run_address>0x3897</run_address>
         <size>0xb6</size>
         <input_file_ref idref="fl-12"/>
      </object_component>
      <object_component id="oc-2f2">
         <name>.debug_line</name>
         <load_address>0x394d</load_address>
         <run_address>0x394d</run_address>
         <size>0xb6</size>
         <input_file_ref idref="fl-12"/>
      </object_component>
      <object_component id="oc-2b9">
         <name>.debug_line</name>
         <load_address>0x3a03</load_address>
         <run_address>0x3a03</run_address>
         <size>0xbe</size>
         <input_file_ref idref="fl-12"/>
      </object_component>
      <object_component id="oc-2cb">
         <name>.debug_line</name>
         <load_address>0x3ac1</load_address>
         <run_address>0x3ac1</run_address>
         <size>0xc3</size>
         <input_file_ref idref="fl-12"/>
      </object_component>
      <object_component id="oc-144">
         <name>.debug_line</name>
         <load_address>0x3b84</load_address>
         <run_address>0x3b84</run_address>
         <size>0x1b7</size>
         <input_file_ref idref="fl-12"/>
      </object_component>
      <object_component id="oc-275">
         <name>.debug_line</name>
         <load_address>0x3d3b</load_address>
         <run_address>0x3d3b</run_address>
         <size>0xe2</size>
         <input_file_ref idref="fl-12"/>
      </object_component>
      <object_component id="oc-207">
         <name>.debug_line</name>
         <load_address>0x3e1d</load_address>
         <run_address>0x3e1d</run_address>
         <size>0xd1</size>
         <input_file_ref idref="fl-12"/>
      </object_component>
      <object_component id="oc-13e">
         <name>.debug_line</name>
         <load_address>0x3eee</load_address>
         <run_address>0x3eee</run_address>
         <size>0xe0</size>
         <input_file_ref idref="fl-12"/>
      </object_component>
      <object_component id="oc-26e">
         <name>.debug_line</name>
         <load_address>0x3fce</load_address>
         <run_address>0x3fce</run_address>
         <size>0x196</size>
         <input_file_ref idref="fl-12"/>
      </object_component>
      <object_component id="oc-e7">
         <name>.debug_line</name>
         <load_address>0x4164</load_address>
         <run_address>0x4164</run_address>
         <size>0x4f</size>
         <input_file_ref idref="fl-1e"/>
      </object_component>
      <object_component id="oc-213">
         <name>.debug_line</name>
         <load_address>0x41b3</load_address>
         <run_address>0x41b3</run_address>
         <size>0xae</size>
         <input_file_ref idref="fl-1f"/>
      </object_component>
      <object_component id="oc-4f">
         <name>.debug_line</name>
         <load_address>0x4261</load_address>
         <run_address>0x4261</run_address>
         <size>0x63</size>
         <input_file_ref idref="fl-20"/>
      </object_component>
      <object_component id="oc-182">
         <name>.debug_line</name>
         <load_address>0x42c4</load_address>
         <run_address>0x42c4</run_address>
         <size>0x21</size>
         <input_file_ref idref="fl-20"/>
      </object_component>
      <object_component id="oc-18d">
         <name>.debug_line</name>
         <load_address>0x42e5</load_address>
         <run_address>0x42e5</run_address>
         <size>0x3f</size>
         <input_file_ref idref="fl-21"/>
      </object_component>
      <object_component id="oc-27b">
         <name>.debug_line</name>
         <load_address>0x4324</load_address>
         <run_address>0x4324</run_address>
         <size>0x21</size>
         <input_file_ref idref="fl-21"/>
      </object_component>
      <object_component id="oc-229">
         <name>.debug_line</name>
         <load_address>0x4345</load_address>
         <run_address>0x4345</run_address>
         <size>0x74</size>
         <input_file_ref idref="fl-22"/>
      </object_component>
      <object_component id="oc-2d7">
         <name>.debug_line</name>
         <load_address>0x43b9</load_address>
         <run_address>0x43b9</run_address>
         <size>0x21</size>
         <input_file_ref idref="fl-22"/>
      </object_component>
      <object_component id="oc-57">
         <name>.debug_line</name>
         <load_address>0x43da</load_address>
[...]
         <unused_space>0x1000</unused_space>
         <attributes>RWIX</attributes>
         <usage_details>
         </usage_details>
      </memory_area>
      <memory_area display="yes" color="green">
         <name>RAMGS2</name>
         <page_id>0x1</page_id>
         <origin>0xe000</origin>
         <length>0x1000</length>
         <used_space>0x0</used_space>
         <unused_space>0x1000</unused_space>
         <attributes>RWIX</attributes>
         <usage_details>
         </usage_details>
      </memory_area>
      <memory_area display="yes" color="green">
         <name>RAMGS3</name>
         <page_id>0x1</page_id>
         <origin>0xf000</origin>
         <length>0x1000</length>
         <used_space>0x0</used_space>
         <unused_space>0x1000</unused_space>
         <attributes>RWIX</attributes>
         <usage_details>
         </usage_details>
      </memory_area>
      <memory_area display="yes" color="green">
         <name>RAMGS4</name>
         <page_id>0x1</page_id>
         <origin>0x10000</origin>
         <length>0x1000</length>
         <used_space>0x0</used_space>
         <unused_space>0x1000</unused_space>
         <attributes>RWIX</attributes>
         <usage_details>
         </usage_details>
      </memory_area>
      <memory_area display="yes" color="green">
         <name>RAMGS5</name>
         <page_id>0x1</page_id>
         <origin>0x11000</origin>
         <length>0x1000</length>
         <used_space>0x0</used_space>
         <unused_space>0x1000</unused_space>
         <attributes>RWIX</attributes>
         <usage_details>
         </usage_details>
      </memory_area>
      <memory_area display="yes" color="green">
         <name>RAMGS6</name>
         <page_id>0x1</page_id>
         <origin>0x12000</origin>
         <length>0x1000</length>
         <used_space>0x0</used_space>
         <unused_space>0x1000</unused_space>
         <attributes>RWIX</attributes>
         <usage_details>
         </usage_details>
      </memory_area>
      <memory_area display="yes" color="green">
         <name>RAMGS7</name>
         <page_id>0x1</page_id>
         <origin>0x13000</origin>
         <length>0x1000</length>
         <used_space>0x0</used_space>
         <unused_space>0x1000</unused_space>
         <attributes>RWIX</attributes>
         <usage_details>
         </usage_details>
      </memory_area>
      <memory_area display="yes" color="green">
         <name>RAMGS8</name>
         <page_id>0x1</page_id>
         <origin>0x14000</origin>
         <length>0x1000</length>
         <used_space>0x0</used_space>
         <unused_space>0x1000</unused_space>
         <attributes>RWIX</attributes>
         <usage_details>
         </usage_details>
      </memory_area>
      <memory_area display="yes" color="green">
         <name>RAMGS9</name>
         <page_id>0x1</page_id>
         <origin>0x15000</origin>
         <length>0x1000</length>
         <used_space>0x0</used_space>
         <unused_space>0x1000</unused_space>
         <attributes>RWIX</attributes>
         <usage_details>
         </usage_details>
      </memory_area>
      <memory_area display="yes" color="green">
         <name>RAMGS10</name>
         <page_id>0x1</page_id>
         <origin>0x16000</origin>
         <length>0x1000</length>
         <used_space>0x0</used_space>
         <unused_space>0x1000</unused_space>
         <attributes>RWIX</attributes>
         <usage_details>
         </usage_details>
      </memory_area>
      <memory_area display="yes" color="green">
         <name>RAMGS11</name>
         <page_id>0x1</page_id>
         <origin>0x17000</origin>
         <length>0x1000</length>
         <used_space>0x0</used_space>
         <unused_space>0x1000</unused_space>
         <attributes>RWIX</attributes>
         <usage_details>
         </usage_details>
      </memory_area>
      <memory_area display="yes" color="green">
         <name>RAMGS12</name>
         <page_id>0x1</page_id>
         <origin>0x18000</origin>
         <length>0x1000</length>
         <used_space>0x0</used_space>
         <unused_space>0x1000</unused_space>
         <attributes>RWIX</attributes>
         <usage_details>
         </usage_details>
      </memory_area>
      <memory_area display="yes" color="green">
         <name>RAMGS13</name>
         <page_id>0x1</page_id>
         <origin>0x19000</origin>
         <length>0x1000</length>
         <used_space>0x0</used_space>
         <unused_space>0x1000</unused_space>
         <attributes>RWIX</attributes>
         <usage_details>
         </usage_details>
      </memory_area>
      <memory_area display="yes" color="green">
         <name>CPU2TOCPU1RAM</name>
         <page_id>0x1</page_id>
         <origin>0x3f800</origin>
         <length>0x400</length>
         <used_space>0x0</used_space>
         <unused_space>0x400</unused_space>
         <attributes>RWIX</attributes>
         <usage_details>
         </usage_details>
      </memory_area>
      <memory_area display="yes" color="green">
         <name>CPU1TOCPU2RAM</name>
         <page_id>0x1</page_id>
         <origin>0x3fc00</origin>
         <length>0x400</length>
         <used_space>0x0</used_space>
         <unused_space>0x400</unused_space>
         <attributes>RWIX</attributes>
         <usage_details>
         </usage_details>
      </memory_area>
   </placement_map>
   <cptbl_list>
      <cptbl>
         <name>__TI_cinit_table</name>
         <cprec>
            <name>.data</name>
            <load_address>0x83268</load_address>
            <load_size>0xb</load_size>
            <run_address>0xa814</run_address>
            <run_size>0x11</run_size>
            <compression>lzss</compression>
         </cprec>
         <cprec>
            <name>.bss</name>
            <load_address>0x8327a</load_address>
            <load_size>0x4</load_size>
            <run_address>0xa800</run_address>
            <run_size>0x13</run_size>
            <compression>zero_init</compression>
         </cprec>
      </cptbl>
   </cptbl_list>
   <handler_table>
      <handler_table_name>__TI_handler_table</handler_table_name>
      <handler>
         <index>0x0</index>
         <name>__TI_zero_init</name>
      </handler>
      <handler>
         <index>0x1</index>
         <name>__TI_decompress_lzss</name>
      </handler>
      <handler>
         <index>0x2</index>
         <name>__TI_decompress_none</name>
      </handler>
   </handler_table>
   <symbol_table>
      <symbol id="sm-1">
         <name>RamfuncsLoadStart</name>
         <value>0x86000</value>
      </symbol>
      <symbol id="sm-2">
         <name>RamfuncsLoadSize</name>
         <value>0x135</value>
      </symbol>
      <symbol id="sm-3">
         <name>RamfuncsLoadEnd</name>
         <value>0x86135</value>
      </symbol>
      <symbol id="sm-4">
         <name>RamfuncsRunStart</name>
         <value>0x8000</value>
      </symbol>
      <symbol id="sm-5">
         <name>RamfuncsRunSize</name>
         <value>0x135</value>
      </symbol>
      <symbol id="sm-6">
         <name>RamfuncsRunEnd</name>
         <value>0x8135</value>
      </symbol>
      <symbol id="sm-7">
         <name>__TI_CINIT_Base</name>
         <value>0x83280</value>
      </symbol>
      <symbol id="sm-8">
         <name>__TI_CINIT_Limit</name>
         <value>0x83288</value>
      </symbol>
      <symbol id="sm-9">
         <name>__TI_CINIT_Warm</name>
         <value>0x83288</value>
      </symbol>
      <symbol id="sm-a">
         <name>__TI_Handler_Table_Base</name>
         <value>0x83274</value>
      </symbol>
      <symbol id="sm-b">
         <name>__TI_Handler_Table_Limit</name>
         <value>0x8327a</value>
      </symbol>
      <symbol id="sm-c">
         <name>__TI_STACK_SIZE</name>
         <value>0x100</value>
      </symbol>
      <symbol id="sm-d">
         <name>__TI_STACK_END</name>
         <value>0x500</value>
      </symbol>
      <symbol id="sm-e">
         <name>__TI_pprof_out_hndl</name>
         <value>0xffffffff</value>
      </symbol>
      <symbol id="sm-f">
         <name>__TI_prof_data_start</name>
         <value>0xffffffff</value>
      </symbol>
      <symbol id="sm-10">
         <name>__TI_prof_data_size</name>
         <value>0xffffffff</value>
      </symbol>
      <symbol id="sm-a4">
         <name>sci_comm</name>
         <value>0x822a2</value>
         <object_component_ref idref="oc-3d"/>
      </symbol>
      <symbol id="sm-a5">
         <name>parse_akm_meas</name>
         <value>0x823ab</value>
         <object_component_ref idref="oc-3d"/>
      </symbol>
      <symbol id="sm-a6">
         <name>gpio_init</name>
         <value>0x82257</value>
         <object_component_ref idref="oc-3d"/>
      </symbol>
      <symbol id="sm-a7">
         <name>cpuTimer0ISR</name>
         <value>0x82e86</value>
         <object_component_ref idref="oc-3c"/>
      </symbol>
      <symbol id="sm-a8">
         <name>serialize_akm</name>
         <value>0x82199</value>
         <object_component_ref idref="oc-3d"/>
      </symbol>
      <symbol id="sm-a9">
         <name>init_i2c</name>
         <value>0x821be</value>
         <object_component_ref idref="oc-3d"/>
      </symbol>
      <symbol id="sm-aa">
         <name>sendbuf</name>
         <value>0xa800</value>
         <object_component_ref idref="oc-bd"/>
      </symbol>
      <symbol id="sm-ab">
         <name>pinmux_init</name>
         <value>0x82206</value>
         <object_component_ref idref="oc-3d"/>
      </symbol>
      <symbol id="sm-ac">
         <name>i2c_read</name>
         <value>0x82340</value>
         <object_component_ref idref="oc-3d"/>
      </symbol>
      <symbol id="sm-ad">
         <name>timer_init</name>
         <value>0x8226a</value>
         <object_component_ref idref="oc-3d"/>
      </symbol>
      <symbol id="sm-ae">
         <name>main</name>
         <value>0x823d6</value>
         <object_component_ref idref="oc-3d"/>
      </symbol>
      <symbol id="sm-af">
         <name>i2c_write</name>
         <value>0x8230a</value>
         <object_component_ref idref="oc-3d"/>
      </symbol>
      <symbol id="sm-b0">
         <name>start_meas</name>
         <value>0xa824</value>
         <object_component_ref idref="oc-65"/>
      </symbol>
      <symbol id="sm-b1">
         <name>read_buf</name>
         <value>0xa808</value>
         <object_component_ref idref="oc-cc"/>
      </symbol>
      <symbol id="sm-b2">
         <name>current_meas</name>
         <value>0xa80f</value>
         <object_component_ref idref="oc-c0"/>
      </symbol>
      <symbol id="sm-c1">
         <name>code_start</name>
         <value>0x80000</value>
         <object_component_ref idref="oc-31"/>
      </symbol>
      <symbol id="sm-ee">
         <name>Device_enableAllPeripherals</name>
         <value>0x8251c</value>
         <object_component_ref idref="oc-a4"/>
      </symbol>
      <symbol id="sm-ef">
         <name>Device_initGPIO</name>
         <value>0x82607</value>
         <object_component_ref idref="oc-a4"/>
      </symbol>
      <symbol id="sm-f0">
         <name>Example_Fail</name>
         <value>0xa818</value>
         <object_component_ref idref="oc-146"/>
      </symbol>
      <symbol id="sm-f1">
         <name>Example_setResultFail</name>
         <value>0x82825</value>
         <object_component_ref idref="oc-a4"/>
      </symbol>
      <symbol id="sm-f2">
         <name>Device_bootCPU2</name>
         <value>0x8269f</value>
         <object_component_ref idref="oc-a4"/>
      </symbol>
      <symbol id="sm-f3">
         <name>Device_init</name>
         <value>0x824eb</value>
         <object_component_ref idref="oc-a4"/>
      </symbol>
      <symbol id="sm-f4">
         <name>Example_Result</name>
         <value>0xa814</value>
         <object_component_ref idref="oc-146"/>
      </symbol>
      <symbol id="sm-f5">
         <name>Device_enableUnbondedGPIOPullups</name>
         <value>0x82658</value>
         <object_component_ref idref="oc-a4"/>
      </symbol>
      <symbol id="sm-f6">
         <name>__error__</name>
         <value>0x82819</value>
         <object_component_ref idref="oc-a4"/>
      </symbol>
      <symbol id="sm-f7">
         <name>Example_setResultPass</name>
         <value>0x82820</value>
         <object_component_ref idref="oc-a4"/>
      </symbol>
      <symbol id="sm-f8">
         <name>Device_configureTMXAnalogTrim</name>
         <value>0x8266e</value>
         <object_component_ref idref="oc-a4"/>
      </symbol>
      <symbol id="sm-f9">
         <name>Device_enableUnbondedGPIOPullupsFor176Pin</name>
         <value>0x82628</value>
         <object_component_ref idref="oc-a4"/>
      </symbol>
      <symbol id="sm-fa">
         <name>Example_done</name>
         <value>0x8282a</value>
         <object_component_ref idref="oc-a4"/>
      </symbol>
      <symbol id="sm-fb">
         <name>Example_PassCount</name>
         <value>0xa816</value>
         <object_component_ref idref="oc-146"/>
      </symbol>
      <symbol id="sm-fc">
         <name>Device_enableUnbondedGPIOPullupsFor100Pin</name>
         <value>0x8263b</value>
         <object_component_ref idref="oc-a4"/>
      </symbol>
      <symbol id="sm-116">
         <name>CPUTimer_setEmulationMode</name>
         <value>0x83160</value>
         <object_component_ref idref="oc-8c"/>
      </symbol>
      <symbol id="sm-190">
         <name>Flash_initModule</name>
         <value>0x8000</value>
         <object_component_ref idref="oc-134"/>
      </symbol>
      <symbol id="sm-1d2">
         <name>GPIO_setQualificationMode</name>
         <value>0x82de3</value>
         <object_component_ref idref="oc-86"/>
      </symbol>
      <symbol id="sm-1d3">
         <name>GPIO_setPadConfig</name>
         <value>0x82c57</value>
         <object_component_ref idref="oc-7a"/>
      </symbol>
      <symbol id="sm-1d4">
         <name>GPIO_setDirectionMode</name>
         <value>0x82eb8</value>
         <object_component_ref idref="oc-74"/>
      </symbol>
      <symbol id="sm-1d5">
         <name>GPIO_setPinConfig</name>
         <value>0x82e1b</value>
         <object_component_ref idref="oc-6e"/>
      </symbol>
      <symbol id="sm-1d6">
         <name>GPIO_setMasterCore</name>
         <value>0x82dab</value>
         <object_component_ref idref="oc-80"/>
      </symbol>
      <symbol id="sm-1f8">
         <name>I2C_initMaster</name>
         <value>0x82b9f</value>
         <object_component_ref idref="oc-68"/>
      </symbol>
      <symbol id="sm-24a">
         <name>Interrupt_initModule</name>
         <value>0x82d6e</value>
         <object_component_ref idref="oc-aa"/>
      </symbol>
      <symbol id="sm-24b">
         <name>Interrupt_enable</name>
         <value>0x82e52</value>
         <object_component_ref idref="oc-92"/>
      </symbol>
      <symbol id="sm-24c">
         <name>Interrupt_initVectorTable</name>
         <value>0x82ffc</value>
         <object_component_ref idref="oc-b0"/>
      </symbol>
      <symbol id="sm-2bd">
         <name>SCI_clearInterruptStatus</name>
         <value>0x82ca9</value>
         <object_component_ref idref="oc-9e"/>
      </symbol>
      <symbol id="sm-2be">
         <name>SCI_writeCharArray</name>
         <value>0x82cef</value>
         <object_component_ref idref="oc-c3"/>
      </symbol>
      <symbol id="sm-2bf">
         <name>SCI_setConfig</name>
         <value>0x82d30</value>
         <object_component_ref idref="oc-98"/>
      </symbol>
      <symbol id="sm-386">
         <name>SysCtl_delay</name>
         <value>0x8131</value>
         <object_component_ref idref="oc-b6"/>
      </symbol>
      <symbol id="sm-387">
         <name>SysCtl_getDeviceParametric</name>
         <value>0x82b37</value>
         <object_component_ref idref="oc-13a"/>
      </symbol>
      <symbol id="sm-388">
         <name>SysCtl_selectXTAL</name>
         <value>0x82ac8</value>
         <object_component_ref idref="oc-271"/>
      </symbol>
      <symbol id="sm-389">
         <name>SysCtl_selectOscSource</name>
         <value>0x82c03</value>
         <object_component_ref idref="oc-203"/>
      </symbol>
      <symbol id="sm-38a">
         <name>SysCtl_setClock</name>
         <value>0x8282b</value>
         <object_component_ref idref="oc-140"/>
      </symbol>
      <symbol id="sm-394">
         <name>_c_int00</name>
         <value>0x8310b</value>
         <object_component_ref idref="oc-e3"/>
      </symbol>
      <symbol id="sm-395">
         <name>__stack</name>
         <value>0x400</value>
         <object_component_ref idref="oc-48"/>
      </symbol>
      <symbol id="sm-3a2">
         <name>__c28xabi_divf</name>
         <value>0x82a40</value>
         <object_component_ref idref="oc-20f"/>
      </symbol>
      <symbol id="sm-3b4">
         <name>memcpy</name>
         <value>0x8303b</value>
         <object_component_ref idref="oc-4b"/>
      </symbol>
      <symbol id="sm-3c1">
         <name>_system_pre_init</name>
         <value>0x83262</value>
         <object_component_ref idref="oc-189"/>
      </symbol>
      <symbol id="sm-3d0">
         <name>__TI_auto_init_nobinit_nopinit</name>
         <value>0x82f1a</value>
         <object_component_ref idref="oc-225"/>
      </symbol>
      <symbol id="sm-3df">
         <name>__TI_zero_init_nomemset</name>
         <value>0x83211</value>
         <object_component_ref idref="oc-53"/>
      </symbol>
      <symbol id="sm-3ec">
         <name>__TI_decompress_none</name>
         <value>0x8324f</value>
         <object_component_ref idref="oc-2a"/>
      </symbol>
      <symbol id="sm-400">
         <name>__TI_decompress_lzss</name>
         <value>0x82ee9</value>
         <object_component_ref idref="oc-24"/>
      </symbol>
      <symbol id="sm-416">
         <name>C$$EXIT</name>
         <value>0x82f45</value>
         <object_component_ref idref="oc-196"/>
      </symbol>
      <symbol id="sm-417">
         <name>abort</name>
         <value>0x82f45</value>
         <object_component_ref idref="oc-196"/>
      </symbol>
      <symbol id="sm-418">
         <name>exit</name>
         <value>0x82f47</value>
         <object_component_ref idref="oc-196"/>
      </symbol>
      <symbol id="sm-419">
         <name>__TI_dtors_ptr</name>
         <value>0xa81e</value>
         <object_component_ref idref="oc-257"/>
      </symbol>
      <symbol id="sm-41a">
         <name>__TI_cleanup_ptr</name>
         <value>0xa81c</value>
         <object_component_ref idref="oc-257"/>
      </symbol>
      <symbol id="sm-41b">
         <name>__TI_enable_exit_profile_output</name>
         <value>0xa81a</value>
         <object_component_ref idref="oc-257"/>
      </symbol>
      <symbol id="sm-432">
         <name>_nop</name>
         <value>0x83246</value>
         <object_component_ref idref="oc-297"/>
      </symbol>
      <symbol id="sm-433">
         <name>_lock</name>
         <value>0xa820</value>
         <object_component_ref idref="oc-25a"/>
      </symbol>
      <symbol id="sm-434">
         <name>_unlock</name>
         <value>0xa822</value>
         <object_component_ref idref="oc-2db"/>
      </symbol>
      <symbol id="sm-435">
         <name>_register_lock</name>
         <value>0x83242</value>
         <object_component_ref idref="oc-297"/>
      </symbol>
      <symbol id="sm-436">
         <name>_register_unlock</name>
         <value>0x8323e</value>
         <object_component_ref idref="oc-297"/>
      </symbol>
      <symbol id="sm-445">
         <name>_args_main</name>
         <value>0x8321e</value>
         <object_component_ref idref="oc-190"/>
      </symbol>
      <symbol id="sm-454">
         <name>_system_post_cinit</name>
         <value>0x83264</value>
         <object_component_ref idref="oc-27d"/>
      </symbol>
      <symbol id="sm-456">
         <name>__c_args__</name>
         <value>0x0</value>
      </symbol>
   </symbol_table>
   <title>Link successful</title>
</link_info>
