******************************************************************************
             TMS320C2000 Linker Unix v21.6.0                   
******************************************************************************
>> Linked Sat Jan 14 15:06:07 2023

OUTPUT FILE NAME:   <tms320_akm.out>
ENTRY POINT SYMBOL: "code_start"  address: 00080000


MEMORY CONFIGURATION

         name            origin    length      used     unused   attr    fill
----------------------  --------  ---------  --------  --------  ----  --------
PAGE 0:
  RAMM0                 00000123   000002dd  00000000  000002dd  RWIX
  RAMLS0                00008000   00000800  00000135  000006cb  RWIX
  RAMLS1                00008800   00000800  00000000  00000800  RWIX
  RAMLS2                00009000   00000800  00000000  00000800  RWIX
  RAMLS3                00009800   00000800  00000000  00000800  RWIX
  RAMLS4                0000a000   00000800  00000000  00000800  RWIX
  RAMD0                 0000b000   00000800  00000000  00000800  RWIX
  RAMGS14               0001a000   00001000  00000000  00001000  RWIX
  RAMGS15               0001b000   00000ff8  00000000  00000ff8  RWIX
  BEGIN                 00080000   00000002  00000002  00000000  RWIX
  FLASHA                00080002   00001ffe  00000000  00001ffe  RWIX
  FLASHB                00082000   00002000  0000128a  00000d76  RWIX
  FLASHC                00084000   00002000  00000000  00002000  RWIX
  FLASHD                00086000   00002000  00000135  00001ecb  RWIX
  FLASHE                00088000   00008000  00000000  00008000  RWIX
  FLASHF                00090000   00008000  000004b9  00007b47  RWIX
  FLASHG                00098000   00008000  00000000  00008000  RWIX
  FLASHH                000a0000   00008000  00000000  00008000  RWIX
  FLASHI                000a8000   00008000  00000000  00008000  RWIX
  FLASHJ                000b0000   00008000  00000000  00008000  RWIX
  FLASHK                000b8000   00002000  00000000  00002000  RWIX
  FLASHL                000ba000   00002000  00000000  00002000  RWIX
  FLASHM                000bc000   00002000  00000000  00002000  RWIX
  FLASHN                000be000   00001ff0  00000000  00001ff0  RWIX
  RESET                 003fffc0   00000002  00000000  00000002  RWIX

PAGE 1:
  BOOT_RSVD             00000002   00000121  00000000  00000121  RWIX
  RAMM1                 00000400   000003f8  00000000  000003f8  RWIX
  RAMLS5                0000a800   00000800  00000024  000007dc  RWIX
  RAMD1                 0000b800   00000800  00000000  00000800  RWIX
  RAMGS0                0000c000   00001000  00001000  00000000  RWIX
  RAMGS1                0000d000   00001000  00000000  00001000  RWIX
  RAMGS2                0000e000   00001000  00000000  00001000  RWIX
  RAMGS3                0000f000   00001000  00000000  00001000  RWIX
  RAMGS4                00010000   00001000  00000000  00001000  RWIX
  RAMGS5                00011000   00001000  00000000  00001000  RWIX
  RAMGS6                00012000   00001000  00000000  00001000  RWIX
  RAMGS7                00013000   00001000  00000000  00001000  RWIX
  RAMGS8                00014000   00001000  00000000  00001000  RWIX
  RAMGS9                00015000   00001000  00000000  00001000  RWIX
  RAMGS10               00016000   00001000  00000000  00001000  RWIX
  RAMGS11               00017000   00001000  00000000  00001000  RWIX
  RAMGS12               00018000   00001000  00000000  00001000  RWIX
  RAMGS13               00019000   00001000  00000000  00001000  RWIX
  CPU2TOCPU1RAM         0003f800   00000400  00000000  00000400  RWIX
  CPU1TOCPU2RAM         0003fc00   00000400  00000000  00000400  RWIX


SECTION ALLOCATION MAP

 output                                  attributes/
section   page    origin      length       input sections
--------  ----  ----------  ----------   ----------------
codestart 
*          0    00080000    00000002     
                  00080000    00000002     F2837xD_CodeStartBranch.obj (codestart)

.cinit     0    00083270    00000020     
                  00083270    0000000b     (.cinit..data.load) [load image, compression = lzss]
                  0008327b    00000001     --HOLE-- [fill = 0]
                  0008327c    00000006     (__TI_handler_table)
                  00083282    00000004     (.cinit..bss.load) [load image, compression = zero_init]
                  00083286    00000002     --HOLE-- [fill = 0]
                  00083288    00000008     (__TI_cinit_table)

.stack     1    0000c000    00001000     UNINITIALIZED
                  0000c000    00001000     --HOLE--

.reset     0    003fffc0    00000000     DSECT

.init_array 
*          0    00082000    00000000     UNINITIALIZED

.bss       1    0000a800    00000013     UNINITIALIZED
                  0000a800    00000008     akm.obj (.bss:sendbuf)
                  0000a808    00000007     akm.obj (.bss:read_buf)
                  0000a80f    00000004     akm.obj (.bss)

.data      1    0000a814    00000011     UNINITIALIZED
                  0000a814    00000006     device.obj (.data)
                  0000a81a    00000006     rts2800_fpu32_eabi.lib : exit.c.obj (.data)
                  0000a820    00000002                            : _lock.c.obj (.data:_lock)
                  0000a822    00000002                            : _lock.c.obj (.data:_unlock)
                  0000a824    00000001     akm.obj (.data)

.const     0    00090000    000004b9     
                  00090000    000000f5     driverlib_eabi.lib : sysctl.obj (.const:.string)
                  000900f5    00000001     akm.obj (.const:$P$T2$3)
                  000900f6    000000f0     driverlib_eabi.lib : flash.obj (.const:.string)
                  000901e6    000000ef                        : gpio.obj (.const:.string)
                  000902d5    00000001     --HOLE-- [fill = 0]
                  000902d6    000000ec                        : sci.obj (.const:.string)
                  000903c2    0000007b                        : cputimer.obj (.const:.string)
                  0009043d    00000001     --HOLE-- [fill = 0]
                  0009043e    00000076                        : i2c.obj (.const:.string)
                  000904b4    00000003     akm.obj (.const:$P$T0$1)
                  000904b7    00000002     akm.obj (.const:$P$T1$2)

.TI.ramfunc 
*          0    00086000    00000135     RUN ADDR = 00008000
                  00086000    00000043     driverlib_eabi.lib : flash.obj (.TI.ramfunc:Flash_initModule)
                  00086043    0000002d                        : flash.obj (.TI.ramfunc:Flash_setBankPowerMode)
                  00086070    00000026                        : flash.obj (.TI.ramfunc:Flash_setWaitstates)
                  00086096    0000001e                        : flash.obj (.TI.ramfunc:Flash_setPumpPowerMode)
                  000860b4    0000001a                        : flash.obj (.TI.ramfunc:Flash_disableCache)
                  000860ce    0000001a                        : flash.obj (.TI.ramfunc:Flash_disablePrefetch)
                  000860e8    00000019                        : flash.obj (.TI.ramfunc:Flash_enableCache)
                  00086101    00000019                        : flash.obj (.TI.ramfunc:Flash_enablePrefetch)
                  0008611a    00000017                        : flash.obj (.TI.ramfunc:Flash_enableECC)
                  00086131    00000004                        : sysctl.obj (.TI.ramfunc)

GETBUFFER 
*          0    0003f800    00000000     DSECT

GETWRITEIDX 
*          0    0003f800    00000000     DSECT

PUTREADIDX 
*          0    0003f800    00000000     DSECT

.text      0    00082000    0000126a     
                  00082000    00000459     akm.obj (.text)
                  00082459    000003d7     device.obj (.text)
                  00082830    00000215     driverlib_eabi.lib : sysctl.obj (.text:SysCtl_setClock)
                  00082a45    00000088     rts2800_fpu32_eabi.lib : fs_div28.asm.obj (.text)
                  00082acd    0000006f     driverlib_eabi.lib : sysctl.obj (.text:SysCtl_selectXTAL)
                  00082b3c    00000068                        : sysctl.obj (.text:SysCtl_getDeviceParametric)
                  00082ba4    00000064                        : i2c.obj (.text:I2C_initMaster)
                  00082c08    00000054                        : sysctl.obj (.text:SysCtl_selectOscSource)
                  00082c5c    00000052                        : gpio.obj (.text:GPIO_setPadConfig)
                  00082cae    00000046                        : sci.obj (.text:SCI_clearInterruptStatus)
                  00082cf4    00000041                        : sci.obj (.text:SCI_writeCharArray)
                  00082d35    0000003e                        : sci.obj (.text:SCI_setConfig)
                  00082d73    0000003d                        : interrupt.obj (.text:Interrupt_initModule)
                  00082db0    00000038                        : gpio.obj (.text:GPIO_setMasterCore)
                  00082de8    00000038                        : gpio.obj (.text:GPIO_setQualificationMode)
                  00082e20    00000037                        : gpio.obj (.text:GPIO_setPinConfig)
                  00082e57    00000034                        : interrupt.obj (.text:Interrupt_enable)
                  00082e8b    00000032     akm.obj (.text:retain)
                  00082ebd    00000031     driverlib_eabi.lib : gpio.obj (.text:GPIO_setDirectionMode)
                  00082eee    00000031     rts2800_fpu32_eabi.lib : copy_decompress_lzss.c.obj (.text:decompress:lzss)
                  00082f1f    0000002b                            : autoinit.c.obj (.text:__TI_auto_init_nobinit_nopinit)
                  00082f4a    00000029                            : exit.c.obj (.text)
                  00082f73    00000028     driverlib_eabi.lib : flash.obj (.text:Flash_setBankPowerUpDelay)
                  00082f9b    00000024                        : sysctl.obj (.text:CPUTimer_selectClockSource)
                  00082fbf    00000022                        : sci.obj (.text:SCI_isFIFOEnabled)
                  00082fe1    00000020                        : sysctl.obj (.text:CPUTimer_getTimerOverflowStatus)
                  00083001    00000020                        : interrupt.obj (.text:Interrupt_initVectorTable)
                  00083021    0000001f                        : sci.obj (.text:SCI_isBaseValid)
                  00083040    0000001d     rts2800_fpu32_eabi.lib : memcpy.c.obj (.text)
                  0008305d    0000001b     driverlib_eabi.lib : sci.obj (.text:SCI_isSpaceAvailableNonFIFO)
                  00083078    0000001a                        : cputimer.obj (.text:CPUTimer_isBaseValid)
                  00083092    0000001a                        : sysctl.obj (.text:CPUTimer_isBaseValid)
                  000830ac    00000019                        : sysctl.obj (.text:CPUTimer_startTimer)
                  000830c5    00000019                        : sci.obj (.text:SCI_disableModule)
                  000830de    00000019                        : sci.obj (.text:SCI_performSoftwareReset)
                  000830f7    00000019                        : sysctl.obj (.text:SysCtl_pollCpuTimer)
                  00083110    00000017     rts2800_fpu32_eabi.lib : boot28.asm.obj (.text)
                  00083127    00000015     driverlib_eabi.lib : i2c.obj (.text:I2C_isBaseValid)
                  0008313c    00000015                        : sci.obj (.text:SCI_getTxFIFOStatus)
                  00083151    00000014                        : sci.obj (.text:SCI_enableModule)
                  00083165    00000013                        : cputimer.obj (.text:CPUTimer_setEmulationMode)
                  00083178    00000012                        : sysctl.obj (.text:CPUTimer_clearOverflowFlag)
                  0008318a    00000012                        : sysctl.obj (.text:CPUTimer_disableInterrupt)
                  0008319c    00000012                        : sysctl.obj (.text:CPUTimer_setPeriod)
                  000831ae    00000012                        : sysctl.obj (.text:CPUTimer_stopTimer)
                  000831c0    00000010                        : flash.obj (.text:Flash_isCtrlBaseValid)
                  000831d0    00000010                        : flash.obj (.text:Flash_isECCBaseValid)
                  000831e0    0000000e                        : gpio.obj (.text:GPIO_isPinValid)
                  000831ee    0000000e                        : interrupt.obj (.text:Interrupt_defaultHandler)
                  000831fc    0000000d                        : interrupt.obj (.text:Interrupt_disableMaster)
                  00083209    0000000d                        : interrupt.obj (.text:Interrupt_enableMaster)
                  00083216    0000000d     rts2800_fpu32_eabi.lib : copy_zero_init.c.obj (.text:decompress:ZI:__TI_zero_init_nomemset)
                  00083223    0000000c                            : args_main.c.obj (.text)
                  0008322f    0000000b     driverlib_eabi.lib : sysctl.obj (.text:SysCtl_isMCDClockFailureDetected)
                  0008323a    00000009                        : sysctl.obj (.text:SysCtl_serviceWatchdog)
                  00083243    00000009     rts2800_fpu32_eabi.lib : _lock.c.obj (.text)
                  0008324c    00000008     F2837xD_CodeStartBranch.obj (.text)
                  00083254    00000008     rts2800_fpu32_eabi.lib : copy_decompress_none.c.obj (.text:decompress:none)
                  0008325c    00000007     driverlib_eabi.lib : sysctl.obj (.text:SysCtl_resetMCD)
                  00083263    00000002                        : interrupt.obj (.text:Interrupt_illegalOperationHandler)
                  00083265    00000002                        : interrupt.obj (.text:Interrupt_nmiHandler)
                  00083267    00000002     rts2800_fpu32_eabi.lib : pre_init.c.obj (.text)
                  00083269    00000001                            : startup.c.obj (.text)

MODULE SUMMARY

       Module                        code   ro data   rw data
       ------                        ----   -------   -------
    ./
       akm.obj                       1163   6         20     
    +--+-----------------------------+------+---------+---------+
       Total:                        1163   6         20     
                                                             
    ./device/
       device.obj                    983    0         6      
       F2837xD_CodeStartBranch.obj   10     0         0      
    +--+-----------------------------+------+---------+---------+
       Total:                        993    0         6      
                                                             
    /home/dvarx/ti/C2000Ware_3_04_00_00_Software/driverlib/f2837xd/driverlib/ccs/Debug/driverlib_eabi.lib
       sysctl.obj                    1083   245       0      
       flash.obj                     682    240       0      
       sci.obj                       380    236       0      
       gpio.obj                      312    239       0      
       i2c.obj                       121    118       0      
       interrupt.obj                 189    0         0      
       cputimer.obj                  45     123       0      
    +--+-----------------------------+------+---------+---------+
       Total:                        2812   1201      0      
                                                             
    /home/dvarx/ti/ccs1120/ccs/tools/compiler/ti-cgt-c2000_21.6.0.LTS/lib/rts2800_fpu32_eabi.lib
       fs_div28.asm.obj              136    0         0      
       copy_decompress_lzss.c.obj    49     0         0      
       exit.c.obj                    41     0         6      
       autoinit.c.obj                43     0         0      
       memcpy.c.obj                  29     0         0      
       boot28.asm.obj                23     0         0      
       _lock.c.obj                   9      0         4      
       copy_zero_init.c.obj          13     0         0      
       args_main.c.obj               12     0         0      
       copy_decompress_none.c.obj    8      0         0      
       pre_init.c.obj                2      0         0      
       startup.c.obj                 1      0         0      
    +--+-----------------------------+------+---------+---------+
       Total:                        366    0         10     
                                                             
       Stack:                        0      0         4096   
       Linker Generated:             0      29        0      
    +--+-----------------------------+------+---------+---------+
       Grand Total:                  5334   1236      4132   


LINKER GENERATED COPY TABLES

__TI_cinit_table @ 00083288 records: 2, size/record: 4, table size: 8
	.data: load addr=00083270, load size=0000000b bytes, run addr=0000a814, run size=00000011 bytes, compression=lzss
	.bss: load addr=00083282, load size=00000004 bytes, run addr=0000a800, run size=00000013 bytes, compression=zero_init


LINKER GENERATED HANDLER TABLE

__TI_handler_table @ 0008327c records: 3, size/record: 2, table size: 6
	index: 0, handler: __TI_zero_init
	index: 1, handler: __TI_decompress_lzss
	index: 2, handler: __TI_decompress_none


GLOBAL DATA SYMBOLS: SORTED BY DATA PAGE

address     data page           name
--------    ----------------    ----
0000a800     2a0 (0000a800)     sendbuf
0000a808     2a0 (0000a800)     read_buf
0000a80f     2a0 (0000a800)     current_meas
0000a814     2a0 (0000a800)     Example_Result
0000a816     2a0 (0000a800)     Example_PassCount
0000a818     2a0 (0000a800)     Example_Fail
0000a81a     2a0 (0000a800)     __TI_enable_exit_profile_output
0000a81c     2a0 (0000a800)     __TI_cleanup_ptr
0000a81e     2a0 (0000a800)     __TI_dtors_ptr
0000a820     2a0 (0000a800)     _lock
0000a822     2a0 (0000a800)     _unlock
0000a824     2a0 (0000a800)     start_meas

0000c000     300 (0000c000)     __stack


GLOBAL SYMBOLS: SORTED ALPHABETICALLY BY Name 

page  address   name                                     
----  -------   ----                                     
0     00082f4a  C$$EXIT                                  
0     00083165  CPUTimer_setEmulationMode                
0     000826a4  Device_bootCPU2                          
0     00082673  Device_configureTMXAnalogTrim            
0     00082521  Device_enableAllPeripherals              
0     0008265d  Device_enableUnbondedGPIOPullups         
0     00082640  Device_enableUnbondedGPIOPullupsFor100Pin
0     0008262d  Device_enableUnbondedGPIOPullupsFor176Pin
0     000824f0  Device_init                              
0     0008260c  Device_initGPIO                          
1     0000a818  Example_Fail                             
1     0000a816  Example_PassCount                        
1     0000a814  Example_Result                           
0     0008282f  Example_done                             
0     0008282a  Example_setResultFail                    
0     00082825  Example_setResultPass                    
0     00008000  Flash_initModule                         
0     00082ebd  GPIO_setDirectionMode                    
0     00082db0  GPIO_setMasterCore                       
0     00082c5c  GPIO_setPadConfig                        
0     00082e20  GPIO_setPinConfig                        
0     00082de8  GPIO_setQualificationMode                
0     00082ba4  I2C_initMaster                           
0     00082e57  Interrupt_enable                         
0     00082d73  Interrupt_initModule                     
0     00083001  Interrupt_initVectorTable                
0     00086135  RamfuncsLoadEnd                          
abs   00000135  RamfuncsLoadSize                         
0     00086000  RamfuncsLoadStart                        
0     00008135  RamfuncsRunEnd                           
abs   00000135  RamfuncsRunSize                          
0     00008000  RamfuncsRunStart                         
0     00082cae  SCI_clearInterruptStatus                 
0     00082d35  SCI_setConfig                            
0     00082cf4  SCI_writeCharArray                       
0     00008131  SysCtl_delay                             
0     00082b3c  SysCtl_getDeviceParametric               
0     00082c08  SysCtl_selectOscSource                   
0     00082acd  SysCtl_selectXTAL                        
0     00082830  SysCtl_setClock                          
0     00083288  __TI_CINIT_Base                          
0     00083290  __TI_CINIT_Limit                         
0     00083290  __TI_CINIT_Warm                          
0     0008327c  __TI_Handler_Table_Base                  
0     00083282  __TI_Handler_Table_Limit                 
1     0000d000  __TI_STACK_END                           
abs   00001000  __TI_STACK_SIZE                          
0     00082f1f  __TI_auto_init_nobinit_nopinit           
1     0000a81c  __TI_cleanup_ptr                         
0     00082eee  __TI_decompress_lzss                     
0     00083254  __TI_decompress_none                     
1     0000a81e  __TI_dtors_ptr                           
1     0000a81a  __TI_enable_exit_profile_output          
abs   ffffffff  __TI_pprof_out_hndl                      
abs   ffffffff  __TI_prof_data_size                      
abs   ffffffff  __TI_prof_data_start                     
0     00083216  __TI_zero_init_nomemset                  
0     00082a45  __c28xabi_divf                           
n/a   UNDEFED   __c_args__                               
0     0008281e  __error__                                
1     0000c000  __stack                                  
0     00083223  _args_main                               
0     00083110  _c_int00                                 
1     0000a820  _lock                                    
0     0008324b  _nop                                     
0     00083247  _register_lock                           
0     00083243  _register_unlock                         
0     00083269  _system_post_cinit                       
0     00083267  _system_pre_init                         
1     0000a822  _unlock                                  
0     00082f4a  abort                                    
0     00080000  code_start                               
0     00082e8b  cpuTimer0ISR                             
1     0000a80f  current_meas                             
0     00082f4c  exit                                     
0     00082257  gpio_init                                
0     00082340  i2c_read                                 
0     0008230a  i2c_write                                
0     000821be  init_i2c                                 
0     000823d6  main                                     
0     00083040  memcpy                                   
0     000823ab  parse_akm_meas                           
0     00082206  pinmux_init                              
1     0000a808  read_buf                                 
0     000822a2  sci_comm                                 
1     0000a800  sendbuf                                  
0     00082199  serialize_akm                            
1     0000a824  start_meas                               
0     0008226a  timer_init                               


GLOBAL SYMBOLS: SORTED BY Symbol Address 

page  address   name                                     
----  -------   ----                                     
0     00008000  Flash_initModule                         
0     00008000  RamfuncsRunStart                         
0     00008131  SysCtl_delay                             
0     00008135  RamfuncsRunEnd                           
0     00080000  code_start                               
0     00082199  serialize_akm                            
0     000821be  init_i2c                                 
0     00082206  pinmux_init                              
0     00082257  gpio_init                                
0     0008226a  timer_init                               
0     000822a2  sci_comm                                 
0     0008230a  i2c_write                                
0     00082340  i2c_read                                 
0     000823ab  parse_akm_meas                           
0     000823d6  main                                     
0     000824f0  Device_init                              
0     00082521  Device_enableAllPeripherals              
0     0008260c  Device_initGPIO                          
0     0008262d  Device_enableUnbondedGPIOPullupsFor176Pin
0     00082640  Device_enableUnbondedGPIOPullupsFor100Pin
0     0008265d  Device_enableUnbondedGPIOPullups         
0     00082673  Device_configureTMXAnalogTrim            
0     000826a4  Device_bootCPU2                          
0     0008281e  __error__                                
0     00082825  Example_setResultPass                    
0     0008282a  Example_setResultFail                    
0     0008282f  Example_done                             
0     00082830  SysCtl_setClock                          
0     00082a45  __c28xabi_divf                           
0     00082acd  SysCtl_selectXTAL                        
0     00082b3c  SysCtl_getDeviceParametric               
0     00082ba4  I2C_initMaster                           
0     00082c08  SysCtl_selectOscSource                   
0     00082c5c  GPIO_setPadConfig                        
0     00082cae  SCI_clearInterruptStatus                 
0     00082cf4  SCI_writeCharArray                       
0     00082d35  SCI_setConfig                            
0     00082d73  Interrupt_initModule                     
0     00082db0  GPIO_setMasterCore                       
0     00082de8  GPIO_setQualificationMode                
0     00082e20  GPIO_setPinConfig                        
0     00082e57  Interrupt_enable                         
0     00082e8b  cpuTimer0ISR                             
0     00082ebd  GPIO_setDirectionMode                    
0     00082eee  __TI_decompress_lzss                     
0     00082f1f  __TI_auto_init_nobinit_nopinit           
0     00082f4a  C$$EXIT                                  
0     00082f4a  abort                                    
0     00082f4c  exit                                     
0     00083001  Interrupt_initVectorTable                
0     00083040  memcpy                                   
0     00083110  _c_int00                                 
0     00083165  CPUTimer_setEmulationMode                
0     00083216  __TI_zero_init_nomemset                  
0     00083223  _args_main                               
0     00083243  _register_unlock                         
0     00083247  _register_lock                           
0     0008324b  _nop                                     
0     00083254  __TI_decompress_none                     
0     00083267  _system_pre_init                         
0     00083269  _system_post_cinit                       
0     0008327c  __TI_Handler_Table_Base                  
0     00083282  __TI_Handler_Table_Limit                 
0     00083288  __TI_CINIT_Base                          
0     00083290  __TI_CINIT_Limit                         
0     00083290  __TI_CINIT_Warm                          
0     00086000  RamfuncsLoadStart                        
0     00086135  RamfuncsLoadEnd                          
1     0000a800  sendbuf                                  
1     0000a808  read_buf                                 
1     0000a80f  current_meas                             
1     0000a814  Example_Result                           
1     0000a816  Example_PassCount                        
1     0000a818  Example_Fail                             
1     0000a81a  __TI_enable_exit_profile_output          
1     0000a81c  __TI_cleanup_ptr                         
1     0000a81e  __TI_dtors_ptr                           
1     0000a820  _lock                                    
1     0000a822  _unlock                                  
1     0000a824  start_meas                               
1     0000c000  __stack                                  
1     0000d000  __TI_STACK_END                           
abs   00000135  RamfuncsLoadSize                         
abs   00000135  RamfuncsRunSize                          
abs   00001000  __TI_STACK_SIZE                          
abs   ffffffff  __TI_pprof_out_hndl                      
abs   ffffffff  __TI_prof_data_size                      
abs   ffffffff  __TI_prof_data_start                     
n/a   UNDEFED   __c_args__                               

[89 symbols]
